Archive member included to satisfy reference by file (symbol)

c:/st/stm32cubeide_1.12.1/stm32cubeide/plugins/com.st.stm32cube.ide.mcu.externaltools.gnu-tools-for-stm32.10.3-2021.10.win32_1.0.200.202301161003/tools/bin/../lib/gcc/arm-none-eabi/10.3.1/../../../../arm-none-eabi/lib/thumb/v7e-m+fp/hard\libc_nano.a(lib_a-errno.o)
                              ./Core/Src/syscalls.o (__errno)
c:/st/stm32cubeide_1.12.1/stm32cubeide/plugins/com.st.stm32cube.ide.mcu.externaltools.gnu-tools-for-stm32.10.3-2021.10.win32_1.0.200.202301161003/tools/bin/../lib/gcc/arm-none-eabi/10.3.1/../../../../arm-none-eabi/lib/thumb/v7e-m+fp/hard\libc_nano.a(lib_a-exit.o)
                              c:/st/stm32cubeide_1.12.1/stm32cubeide/plugins/com.st.stm32cube.ide.mcu.externaltools.gnu-tools-for-stm32.10.3-2021.10.win32_1.0.200.202301161003/tools/bin/../lib/gcc/arm-none-eabi/10.3.1/../../../../arm-none-eabi/lib/thumb/v7e-m+fp/hard/crt0.o (exit)
c:/st/stm32cubeide_1.12.1/stm32cubeide/plugins/com.st.stm32cube.ide.mcu.externaltools.gnu-tools-for-stm32.10.3-2021.10.win32_1.0.200.202301161003/tools/bin/../lib/gcc/arm-none-eabi/10.3.1/../../../../arm-none-eabi/lib/thumb/v7e-m+fp/hard\libc_nano.a(lib_a-impure.o)
                              c:/st/stm32cubeide_1.12.1/stm32cubeide/plugins/com.st.stm32cube.ide.mcu.externaltools.gnu-tools-for-stm32.10.3-2021.10.win32_1.0.200.202301161003/tools/bin/../lib/gcc/arm-none-eabi/10.3.1/../../../../arm-none-eabi/lib/thumb/v7e-m+fp/hard\libc_nano.a(lib_a-exit.o) (_global_impure_ptr)
c:/st/stm32cubeide_1.12.1/stm32cubeide/plugins/com.st.stm32cube.ide.mcu.externaltools.gnu-tools-for-stm32.10.3-2021.10.win32_1.0.200.202301161003/tools/bin/../lib/gcc/arm-none-eabi/10.3.1/../../../../arm-none-eabi/lib/thumb/v7e-m+fp/hard\libc_nano.a(lib_a-init.o)
                              c:/st/stm32cubeide_1.12.1/stm32cubeide/plugins/com.st.stm32cube.ide.mcu.externaltools.gnu-tools-for-stm32.10.3-2021.10.win32_1.0.200.202301161003/tools/bin/../lib/gcc/arm-none-eabi/10.3.1/../../../../arm-none-eabi/lib/thumb/v7e-m+fp/hard/crt0.o (__libc_init_array)
c:/st/stm32cubeide_1.12.1/stm32cubeide/plugins/com.st.stm32cube.ide.mcu.externaltools.gnu-tools-for-stm32.10.3-2021.10.win32_1.0.200.202301161003/tools/bin/../lib/gcc/arm-none-eabi/10.3.1/../../../../arm-none-eabi/lib/thumb/v7e-m+fp/hard\libc_nano.a(lib_a-memcpy-stub.o)
                              ./Core/Src/main.o (memcpy)
c:/st/stm32cubeide_1.12.1/stm32cubeide/plugins/com.st.stm32cube.ide.mcu.externaltools.gnu-tools-for-stm32.10.3-2021.10.win32_1.0.200.202301161003/tools/bin/../lib/gcc/arm-none-eabi/10.3.1/../../../../arm-none-eabi/lib/thumb/v7e-m+fp/hard\libc_nano.a(lib_a-memset.o)
                              c:/st/stm32cubeide_1.12.1/stm32cubeide/plugins/com.st.stm32cube.ide.mcu.externaltools.gnu-tools-for-stm32.10.3-2021.10.win32_1.0.200.202301161003/tools/bin/../lib/gcc/arm-none-eabi/10.3.1/../../../../arm-none-eabi/lib/thumb/v7e-m+fp/hard/crt0.o (memset)
c:/st/stm32cubeide_1.12.1/stm32cubeide/plugins/com.st.stm32cube.ide.mcu.externaltools.gnu-tools-for-stm32.10.3-2021.10.win32_1.0.200.202301161003/tools/bin/../lib/gcc/arm-none-eabi/10.3.1/thumb/v7e-m+fp/hard\libgcc.a(_aeabi_uldivmod.o)
                              ./Drivers/STM32F4xx_HAL_Driver/Src/stm32f4xx_hal_rcc.o (__aeabi_uldivmod)
c:/st/stm32cubeide_1.12.1/stm32cubeide/plugins/com.st.stm32cube.ide.mcu.externaltools.gnu-tools-for-stm32.10.3-2021.10.win32_1.0.200.202301161003/tools/bin/../lib/gcc/arm-none-eabi/10.3.1/thumb/v7e-m+fp/hard\libgcc.a(_udivmoddi4.o)
                              c:/st/stm32cubeide_1.12.1/stm32cubeide/plugins/com.st.stm32cube.ide.mcu.externaltools.gnu-tools-for-stm32.10.3-2021.10.win32_1.0.200.202301161003/tools/bin/../lib/gcc/arm-none-eabi/10.3.1/thumb/v7e-m+fp/hard\libgcc.a(_aeabi_uldivmod.o) (__udivmoddi4)
c:/st/stm32cubeide_1.12.1/stm32cubeide/plugins/com.st.stm32cube.ide.mcu.externaltools.gnu-tools-for-stm32.10.3-2021.10.win32_1.0.200.202301161003/tools/bin/../lib/gcc/arm-none-eabi/10.3.1/thumb/v7e-m+fp/hard\libgcc.a(_dvmd_tls.o)
                              c:/st/stm32cubeide_1.12.1/stm32cubeide/plugins/com.st.stm32cube.ide.mcu.externaltools.gnu-tools-for-stm32.10.3-2021.10.win32_1.0.200.202301161003/tools/bin/../lib/gcc/arm-none-eabi/10.3.1/thumb/v7e-m+fp/hard\libgcc.a(_aeabi_uldivmod.o) (__aeabi_ldiv0)

Discarded input sections

 .text          0x0000000000000000        0x0 c:/st/stm32cubeide_1.12.1/stm32cubeide/plugins/com.st.stm32cube.ide.mcu.externaltools.gnu-tools-for-stm32.10.3-2021.10.win32_1.0.200.202301161003/tools/bin/../lib/gcc/arm-none-eabi/10.3.1/thumb/v7e-m+fp/hard/crti.o
 .data          0x0000000000000000        0x0 c:/st/stm32cubeide_1.12.1/stm32cubeide/plugins/com.st.stm32cube.ide.mcu.externaltools.gnu-tools-for-stm32.10.3-2021.10.win32_1.0.200.202301161003/tools/bin/../lib/gcc/arm-none-eabi/10.3.1/thumb/v7e-m+fp/hard/crti.o
[...]
Memory Configuration

Name             Origin             Length             Attributes
RAM              0x0000000020000000 0x0000000000018000 xrw
FLASH            0x0000000008000000 0x0000000000080000 xr
*default*        0x0000000000000000 0xffffffffffffffff

Linker script and memory map

LOAD c:/st/stm32cubeide_1.12.1/stm32cubeide/plugins/com.st.stm32cube.ide.mcu.externaltools.gnu-tools-for-stm32.10.3-2021.10.win32_1.0.200.202301161003/tools/bin/../lib/gcc/arm-none-eabi/10.3.1/thumb/v7e-m+fp/hard/crti.o
LOAD c:/st/stm32cubeide_1.12.1/stm32cubeide/plugins/com.st.stm32cube.ide.mcu.externaltools.gnu-tools-for-stm32.10.3-2021.10.win32_1.0.200.202301161003/tools/bin/../lib/gcc/arm-none-eabi/10.3.1/thumb/v7e-m+fp/hard/crtbegin.o
LOAD c:/st/stm32cubeide_1.12.1/stm32cubeide/plugins/com.st.stm32cube.ide.mcu.externaltools.gnu-tools-for-stm32.10.3-2021.10.win32_1.0.200.202301161003/tools/bin/../lib/gcc/arm-none-eabi/10.3.1/../../../../arm-none-eabi/lib/thumb/v7e-m+fp/hard/crt0.o
LOAD ./Core/Src/main.o
LOAD ./Core/Src/stm32f4xx_hal_msp.o
LOAD ./Core/Src/stm32f4xx_it.o
LOAD ./Core/Src/syscalls.o
LOAD ./Core/Src/sysmem.o
LOAD ./Core/Src/system_stm32f4xx.o
LOAD ./Core/Startup/startup_stm32f401retx.o
LOAD ./Drivers/STM32F4xx_HAL_Driver/Src/stm32f4xx_hal.o
LOAD ./Drivers/STM32F4xx_HAL_Driver/Src/stm32f4xx_hal_adc.o
LOAD ./Drivers/STM32F4xx_HAL_Driver/Src/stm32f4xx_hal_adc_ex.o
LOAD ./Drivers/STM32F4xx_HAL_Driver/Src/stm32f4xx_hal_cortex.o
LOAD ./Drivers/STM32F4xx_HAL_Driver/Src/stm32f4xx_hal_dma.o
LOAD ./Drivers/STM32F4xx_HAL_Driver/Src/stm32f4xx_hal_dma_ex.o
LOAD ./Drivers/STM32F4xx_HAL_Driver/Src/stm32f4xx_hal_exti.o
LOAD ./Drivers/STM32F4xx_HAL_Driver/Src/stm32f4xx_hal_flash.o
LOAD ./Drivers/STM32F4xx_HAL_Driver/Src/stm32f4xx_hal_flash_ex.o
LOAD ./Drivers/STM32F4xx_HAL_Driver/Src/stm32f4xx_hal_flash_ramfunc.o
LOAD ./Drivers/STM32F4xx_HAL_Driver/Src/stm32f4xx_hal_gpio.o
LOAD ./Drivers/STM32F4xx_HAL_Driver/Src/stm32f4xx_hal_pwr.o
LOAD ./Drivers/STM32F4xx_HAL_Driver/Src/stm32f4xx_hal_pwr_ex.o
LOAD ./Drivers/STM32F4xx_HAL_Driver/Src/stm32f4xx_hal_rcc.o
LOAD ./Drivers/STM32F4xx_HAL_Driver/Src/stm32f4xx_hal_rcc_ex.o
LOAD ./Drivers/STM32F4xx_HAL_Driver/Src/stm32f4xx_hal_tim.o
LOAD ./Drivers/STM32F4xx_HAL_Driver/Src/stm32f4xx_hal_tim_ex.o
LOAD ./Drivers/STM32F4xx_HAL_Driver/Src/stm32f4xx_hal_uart.o
LOAD ./Drivers/STM32F4xx_HAL_Driver/Src/stm32f4xx_ll_adc.o
START GROUP
LOAD c:/st/stm32cubeide_1.12.1/stm32cubeide/plugins/com.st.stm32cube.ide.mcu.externaltools.gnu-tools-for-stm32.10.3-2021.10.win32_1.0.200.202301161003/tools/bin/../lib/gcc/arm-none-eabi/10.3.1/../../../../arm-none-eabi/lib/thumb/v7e-m+fp/hard\libc_nano.a
LOAD c:/st/stm32cubeide_1.12.1/stm32cubeide/plugins/com.st.stm32cube.ide.mcu.externaltools.gnu-tools-for-stm32.10.3-2021.10.win32_1.0.200.202301161003/tools/bin/../lib/gcc/arm-none-eabi/10.3.1/../../../../arm-none-eabi/lib/thumb/v7e-m+fp/hard\libm.a
END GROUP
START GROUP
LOAD c:/st/stm32cubeide_1.12.1/stm32cubeide/plugins/com.st.stm32cube.ide.mcu.externaltools.gnu-tools-for-stm32.10.3-2021.10.win32_1.0.200.202301161003/tools/bin/../lib/gcc/arm-none-eabi/10.3.1/thumb/v7e-m+fp/hard\libgcc.a
LOAD c:/st/stm32cubeide_1.12.1/stm32cubeide/plugins/com.st.stm32cube.ide.mcu.externaltools.gnu-tools-for-stm32.10.3-2021.10.win32_1.0.200.202301161003/tools/bin/../lib/gcc/arm-none-eabi/10.3.1/../../../../arm-none-eabi/lib/thumb/v7e-m+fp/hard\libc_nano.a
END GROUP
START GROUP
LOAD c:/st/stm32cubeide_1.12.1/stm32cubeide/plugins/com.st.stm32cube.ide.mcu.externaltools.gnu-tools-for-stm32.10.3-2021.10.win32_1.0.200.202301161003/tools/bin/../lib/gcc/arm-none-eabi/10.3.1/thumb/v7e-m+fp/hard\libgcc.a
LOAD c:/st/stm32cubeide_1.12.1/stm32cubeide/plugins/com.st.stm32cube.ide.mcu.externaltools.gnu-tools-for-stm32.10.3-2021.10.win32_1.0.200.202301161003/tools/bin/../lib/gcc/arm-none-eabi/10.3.1/../../../../arm-none-eabi/lib/thumb/v7e-m+fp/hard\libc_nano.a
LOAD c:/st/stm32cubeide_1.12.1/stm32cubeide/plugins/com.st.stm32cube.ide.mcu.externaltools.gnu-tools-for-stm32.10.3-2021.10.win32_1.0.200.202301161003/tools/bin/../lib/gcc/arm-none-eabi/10.3.1/../../../../arm-none-eabi/lib/thumb/v7e-m+fp/hard\libnosys.a
END GROUP
START GROUP
LOAD c:/st/stm32cubeide_1.12.1/stm32cubeide/plugins/com.st.stm32cube.ide.mcu.externaltools.gnu-tools-for-stm32.10.3-2021.10.win32_1.0.200.202301161003/tools/bin/../lib/gcc/arm-none-eabi/10.3.1/thumb/v7e-m+fp/hard\libgcc.a
LOAD c:/st/stm32cubeide_1.12.1/stm32cubeide/plugins/com.st.stm32cube.ide.mcu.externaltools.gnu-tools-for-stm32.10.3-2021.10.win32_1.0.200.202301161003/tools/bin/../lib/gcc/arm-none-eabi/10.3.1/../../../../arm-none-eabi/lib/thumb/v7e-m+fp/hard\libc_nano.a
LOAD c:/st/stm32cubeide_1.12.1/stm32cubeide/plugins/com.st.stm32cube.ide.mcu.externaltools.gnu-tools-for-stm32.10.3-2021.10.win32_1.0.200.202301161003/tools/bin/../lib/gcc/arm-none-eabi/10.3.1/../../../../arm-none-eabi/lib/thumb/v7e-m+fp/hard\libnosys.a
END GROUP
LOAD c:/st/stm32cubeide_1.12.1/stm32cubeide/plugins/com.st.stm32cube.ide.mcu.externaltools.gnu-tools-for-stm32.10.3-2021.10.win32_1.0.200.202301161003/tools/bin/../lib/gcc/arm-none-eabi/10.3.1/thumb/v7e-m+fp/hard/crtend.o
LOAD c:/st/stm32cubeide_1.12.1/stm32cubeide/plugins/com.st.stm32cube.ide.mcu.externaltools.gnu-tools-for-stm32.10.3-2021.10.win32_1.0.200.202301161003/tools/bin/../lib/gcc/arm-none-eabi/10.3.1/thumb/v7e-m+fp/hard/crtn.o
                0x0000000020018000                _estack = (ORIGIN (RAM) + LENGTH (RAM))
                0x0000000000000200                _Min_Heap_Size = 0x200
                0x0000000000000400                _Min_Stack_Size = 0x400

.isr_vector     0x0000000008000000      0x194
                0x0000000008000000                . = ALIGN (0x4)
 *(.isr_vector)
 .isr_vector    0x0000000008000000      0x194 ./Core/Startup/startup_stm32f401retx.o
                0x0000000008000000                g_pfnVectors
                0x0000000008000194                . = ALIGN (0x4)

.text           0x0000000008000194     0x6a10
                0x0000000008000194                . = ALIGN (0x4)
 *(.text)
 .text          0x0000000008000194       0x40 c:/st/stm32cubeide_1.12.1/stm32cubeide/plugins/com.st.stm32cube.ide.mcu.externaltools.gnu-tools-for-stm32.10.3-2021.10.win32_1.0.200.202301161003/tools/bin/../lib/gcc/arm-none-eabi/10.3.1/thumb/v7e-m+fp/hard/crtbegin.o
 .text          0x00000000080001d4       0x30 c:/st/stm32cubeide_1.12.1/stm32cubeide/plugins/com.st.stm32cube.ide.mcu.externaltools.gnu-tools-for-stm32.10.3-2021.10.win32_1.0.200.202301161003/tools/bin/../lib/gcc/arm-none-eabi/10.3.1/thumb/v7e-m+fp/hard\libgcc.a(_aeabi_uldivmod.o)
                0x00000000080001d4                __aeabi_uldivmod
 .text          0x0000000008000204      0x2d0 c:/st/stm32cubeide_1.12.1/stm32cubeide/plugins/com.st.stm32cube.ide.mcu.externaltools.gnu-tools-for-stm32.10.3-2021.10.win32_1.0.200.202301161003/tools/bin/../lib/gcc/arm-none-eabi/10.3.1/thumb/v7e-m+fp/hard\libgcc.a(_udivmoddi4.o)
                0x0000000008000204                __udivmoddi4
 .text          0x00000000080004d4        0x4 c:/st/stm32cubeide_1.12.1/stm32cubeide/plugins/com.st.stm32cube.ide.mcu.externaltools.gnu-tools-for-stm32.10.3-2021.10.win32_1.0.200.202301161003/tools/bin/../lib/gcc/arm-none-eabi/10.3.1/thumb/v7e-m+fp/hard\libgcc.a(_dvmd_tls.o)
                0x00000000080004d4                __aeabi_idiv0
                0x00000000080004d4                __aeabi_ldiv0
 *(.text*)
 .text.HAL_UART_RxCpltCallback
                0x00000000080004d8       0x40 ./Core/Src/main.o
                0x00000000080004d8                HAL_UART_RxCpltCallback
 .text.HAL_TIM_PeriodElapsedCallback
                0x0000000008000518       0x80 ./Core/Src/main.o
                0x0000000008000518                HAL_TIM_PeriodElapsedCallback
 .text.HAL_ADC_ConvCpltCallback
                0x0000000008000598       0x38 ./Core/Src/main.o
                0x0000000008000598                HAL_ADC_ConvCpltCallback
 .text.uart     0x00000000080005d0       0x4c ./Core/Src/main.o
                0x00000000080005d0                uart
 .text.initEsp  0x000000000800061c      0x208 ./Core/Src/main.o
                0x000000000800061c                initEsp
 .text.recibirmensaje
                0x0000000008000824      0xca0 ./Core/Src/main.o
                0x0000000008000824                recibirmensaje
 .text.udpCom   0x00000000080014c4      0x210 ./Core/Src/main.o
                0x00000000080014c4                udpCom
 .text.DecodeComands
                0x00000000080016d4      0x3d0 ./Core/Src/main.o
                0x00000000080016d4                DecodeComands
 .text.leerADC  0x0000000008001aa4      0x190 ./Core/Src/main.o
                0x0000000008001aa4                leerADC
 .text.findLine
                0x0000000008001c34      0x25c ./Core/Src/main.o
                0x0000000008001c34                findLine
 .text.calcPID  0x0000000008001e90      0x178 ./Core/Src/main.o
                0x0000000008001e90                calcPID
 .text.main     0x0000000008002008      0x354 ./Core/Src/main.o
                0x0000000008002008                main
 .text.SystemClock_Config
                0x000000000800235c       0xd8 ./Core/Src/main.o
                0x000000000800235c                SystemClock_Config
 .text.MX_ADC1_Init
                0x0000000008002434      0x168 ./Core/Src/main.o
 .text.MX_TIM3_Init
                0x000000000800259c      0x12c ./Core/Src/main.o
 .text.MX_TIM4_Init
                0x00000000080026c8       0x9c ./Core/Src/main.o
 .text.MX_USART1_UART_Init
                0x0000000008002764       0x54 ./Core/Src/main.o
 .text.MX_USART2_UART_Init
                0x00000000080027b8       0x54 ./Core/Src/main.o
 .text.MX_DMA_Init
                0x000000000800280c       0x40 ./Core/Src/main.o
 .text.MX_GPIO_Init
                0x000000000800284c       0xdc ./Core/Src/main.o
 .text.Error_Handler
                0x0000000008002928        0xa ./Core/Src/main.o
                0x0000000008002928                Error_Handler
 *fill*         0x0000000008002932        0x2 
 .text.HAL_MspInit
                0x0000000008002934       0x50 ./Core/Src/stm32f4xx_hal_msp.o
                0x0000000008002934                HAL_MspInit
 .text.HAL_ADC_MspInit
                0x0000000008002984      0x170 ./Core/Src/stm32f4xx_hal_msp.o
                0x0000000008002984                HAL_ADC_MspInit
 .text.HAL_TIM_Base_MspInit
                0x0000000008002af4       0x8c ./Core/Src/stm32f4xx_hal_msp.o
                0x0000000008002af4                HAL_TIM_Base_MspInit
 .text.HAL_TIM_MspPostInit
                0x0000000008002b80       0x74 ./Core/Src/stm32f4xx_hal_msp.o
                0x0000000008002b80                HAL_TIM_MspPostInit
 .text.HAL_UART_MspInit
                0x0000000008002bf4      0x108 ./Core/Src/stm32f4xx_hal_msp.o
                0x0000000008002bf4                HAL_UART_MspInit
 .text.NMI_Handler
                0x0000000008002cfc        0x6 ./Core/Src/stm32f4xx_it.o
                0x0000000008002cfc                NMI_Handler
 .text.HardFault_Handler
                0x0000000008002d02        0x6 ./Core/Src/stm32f4xx_it.o
                0x0000000008002d02                HardFault_Handler
 .text.MemManage_Handler
                0x0000000008002d08        0x6 ./Core/Src/stm32f4xx_it.o
                0x0000000008002d08                MemManage_Handler
 .text.BusFault_Handler
                0x0000000008002d0e        0x6 ./Core/Src/stm32f4xx_it.o
                0x0000000008002d0e                BusFault_Handler
 .text.UsageFault_Handler
                0x0000000008002d14        0x6 ./Core/Src/stm32f4xx_it.o
                0x0000000008002d14                UsageFault_Handler
 .text.SVC_Handler
                0x0000000008002d1a        0xe ./Core/Src/stm32f4xx_it.o
                0x0000000008002d1a                SVC_Handler
 .text.DebugMon_Handler
                0x0000000008002d28        0xe ./Core/Src/stm32f4xx_it.o
                0x0000000008002d28                DebugMon_Handler
 .text.PendSV_Handler
                0x0000000008002d36        0xe ./Core/Src/stm32f4xx_it.o
                0x0000000008002d36                PendSV_Handler
 .text.SysTick_Handler
                0x0000000008002d44        0xc ./Core/Src/stm32f4xx_it.o
                0x0000000008002d44                SysTick_Handler
 .text.ADC_IRQHandler
                0x0000000008002d50       0x14 ./Core/Src/stm32f4xx_it.o
                0x0000000008002d50                ADC_IRQHandler
 .text.TIM3_IRQHandler
                0x0000000008002d64       0x14 ./Core/Src/stm32f4xx_it.o
                0x0000000008002d64                TIM3_IRQHandler
 .text.TIM4_IRQHandler
                0x0000000008002d78       0x14 ./Core/Src/stm32f4xx_it.o
                0x0000000008002d78                TIM4_IRQHandler
 .text.USART1_IRQHandler
                0x0000000008002d8c       0x14 ./Core/Src/stm32f4xx_it.o
                0x0000000008002d8c                USART1_IRQHandler
 .text.DMA2_Stream0_IRQHandler
                0x0000000008002da0       0x14 ./Core/Src/stm32f4xx_it.o
                0x0000000008002da0                DMA2_Stream0_IRQHandler
 .text.SystemInit
                0x0000000008002db4       0x24 ./Core/Src/system_stm32f4xx.o
                0x0000000008002db4                SystemInit
 .text.Reset_Handler
                0x0000000008002dd8       0x50 ./Core/Startup/startup_stm32f401retx.o
                0x0000000008002dd8                Reset_Handler
 .text.Default_Handler
                0x0000000008002e28        0x2 ./Core/Startup/startup_stm32f401retx.o
                0x0000000008002e28                RTC_Alarm_IRQHandler
                0x0000000008002e28                EXTI2_IRQHandler
                0x0000000008002e28                SPI4_IRQHandler
                0x0000000008002e28                TIM1_CC_IRQHandler
                0x0000000008002e28                DMA2_Stream5_IRQHandler
                0x0000000008002e28                DMA1_Stream5_IRQHandler
                0x0000000008002e28                PVD_IRQHandler
                0x0000000008002e28                SDIO_IRQHandler
                0x0000000008002e28                TAMP_STAMP_IRQHandler
                0x0000000008002e28                EXTI3_IRQHandler
                0x0000000008002e28                TIM1_UP_TIM10_IRQHandler
                0x0000000008002e28                I2C3_ER_IRQHandler
                0x0000000008002e28                EXTI0_IRQHandler
                0x0000000008002e28                I2C2_EV_IRQHandler
                0x0000000008002e28                DMA1_Stream2_IRQHandler
                0x0000000008002e28                FPU_IRQHandler
                0x0000000008002e28                DMA2_Stream2_IRQHandler
                0x0000000008002e28                SPI1_IRQHandler
                0x0000000008002e28                TIM1_BRK_TIM9_IRQHandler
                0x0000000008002e28                DMA2_Stream3_IRQHandler
                0x0000000008002e28                USART6_IRQHandler
                0x0000000008002e28                I2C1_EV_IRQHandler
                0x0000000008002e28                DMA1_Stream6_IRQHandler
                0x0000000008002e28                DMA1_Stream1_IRQHandler
                0x0000000008002e28                RCC_IRQHandler
                0x0000000008002e28                Default_Handler
                0x0000000008002e28                EXTI15_10_IRQHandler
                0x0000000008002e28                DMA1_Stream7_IRQHandler
                0x0000000008002e28                TIM5_IRQHandler
                0x0000000008002e28                DMA2_Stream7_IRQHandler
                0x0000000008002e28                I2C3_EV_IRQHandler
                0x0000000008002e28                EXTI9_5_IRQHandler
                0x0000000008002e28                RTC_WKUP_IRQHandler
                0x0000000008002e28                SPI2_IRQHandler
                0x0000000008002e28                DMA1_Stream0_IRQHandler
                0x0000000008002e28                EXTI4_IRQHandler
                0x0000000008002e28                WWDG_IRQHandler
                0x0000000008002e28                TIM2_IRQHandler
                0x0000000008002e28                OTG_FS_WKUP_IRQHandler
                0x0000000008002e28                TIM1_TRG_COM_TIM11_IRQHandler
                0x0000000008002e28                EXTI1_IRQHandler
                0x0000000008002e28                USART2_IRQHandler
                0x0000000008002e28                I2C2_ER_IRQHandler
                0x0000000008002e28                DMA2_Stream1_IRQHandler
                0x0000000008002e28                FLASH_IRQHandler
                0x0000000008002e28                DMA2_Stream4_IRQHandler
                0x0000000008002e28                OTG_FS_IRQHandler
                0x0000000008002e28                SPI3_IRQHandler
                0x0000000008002e28                DMA1_Stream4_IRQHandler
                0x0000000008002e28                I2C1_ER_IRQHandler
                0x0000000008002e28                DMA2_Stream6_IRQHandler
                0x0000000008002e28                DMA1_Stream3_IRQHandler
 *fill*         0x0000000008002e2a        0x2 
 .text.HAL_Init
                0x0000000008002e2c       0x44 ./Drivers/STM32F4xx_HAL_Driver/Src/stm32f4xx_hal.o
                0x0000000008002e2c                HAL_Init
 .text.HAL_InitTick
                0x0000000008002e70       0x60 ./Drivers/STM32F4xx_HAL_Driver/Src/stm32f4xx_hal.o
                0x0000000008002e70                HAL_InitTick
 .text.HAL_IncTick
                0x0000000008002ed0       0x28 ./Drivers/STM32F4xx_HAL_Driver/Src/stm32f4xx_hal.o
                0x0000000008002ed0                HAL_IncTick
 .text.HAL_GetTick
                0x0000000008002ef8       0x18 ./Drivers/STM32F4xx_HAL_Driver/Src/stm32f4xx_hal.o
                0x0000000008002ef8                HAL_GetTick
 .text.HAL_ADC_Init
                0x0000000008002f10       0x86 ./Drivers/STM32F4xx_HAL_Driver/Src/stm32f4xx_hal_adc.o
                0x0000000008002f10                HAL_ADC_Init
 .text.HAL_ADC_IRQHandler
                0x0000000008002f96      0x220 ./Drivers/STM32F4xx_HAL_Driver/Src/stm32f4xx_hal_adc.o
                0x0000000008002f96                HAL_ADC_IRQHandler
 .text.HAL_ADC_LevelOutOfWindowCallback
                0x00000000080031b6       0x14 ./Drivers/STM32F4xx_HAL_Driver/Src/stm32f4xx_hal_adc.o
                0x00000000080031b6                HAL_ADC_LevelOutOfWindowCallback
 .text.HAL_ADC_ErrorCallback
                0x00000000080031ca       0x14 ./Drivers/STM32F4xx_HAL_Driver/Src/stm32f4xx_hal_adc.o
                0x00000000080031ca                HAL_ADC_ErrorCallback
 *fill*         0x00000000080031de        0x2 
 .text.HAL_ADC_ConfigChannel
                0x00000000080031e0      0x244 ./Drivers/STM32F4xx_HAL_Driver/Src/stm32f4xx_hal_adc.o
                0x00000000080031e0                HAL_ADC_ConfigChannel
 .text.ADC_Init
                0x0000000008003424      0x1f8 ./Drivers/STM32F4xx_HAL_Driver/Src/stm32f4xx_hal_adc.o
 .text.HAL_ADCEx_InjectedConvCpltCallback
                0x000000000800361c       0x14 ./Drivers/STM32F4xx_HAL_Driver/Src/stm32f4xx_hal_adc_ex.o
                0x000000000800361c                HAL_ADCEx_InjectedConvCpltCallback
 .text.__NVIC_SetPriorityGrouping
                0x0000000008003630       0x48 ./Drivers/STM32F4xx_HAL_Driver/Src/stm32f4xx_hal_cortex.o
 .text.__NVIC_GetPriorityGrouping
                0x0000000008003678       0x1c ./Drivers/STM32F4xx_HAL_Driver/Src/stm32f4xx_hal_cortex.o
 .text.__NVIC_EnableIRQ
                0x0000000008003694       0x3c ./Drivers/STM32F4xx_HAL_Driver/Src/stm32f4xx_hal_cortex.o
 .text.__NVIC_SetPriority
                0x00000000080036d0       0x54 ./Drivers/STM32F4xx_HAL_Driver/Src/stm32f4xx_hal_cortex.o
 .text.NVIC_EncodePriority
                0x0000000008003724       0x66 ./Drivers/STM32F4xx_HAL_Driver/Src/stm32f4xx_hal_cortex.o
 *fill*         0x000000000800378a        0x2 
 .text.SysTick_Config
                0x000000000800378c       0x44 ./Drivers/STM32F4xx_HAL_Driver/Src/stm32f4xx_hal_cortex.o
 .text.HAL_NVIC_SetPriorityGrouping
                0x00000000080037d0       0x16 ./Drivers/STM32F4xx_HAL_Driver/Src/stm32f4xx_hal_cortex.o
                0x00000000080037d0                HAL_NVIC_SetPriorityGrouping
 .text.HAL_NVIC_SetPriority
                0x00000000080037e6       0x38 ./Drivers/STM32F4xx_HAL_Driver/Src/stm32f4xx_hal_cortex.o
                0x00000000080037e6                HAL_NVIC_SetPriority
 .text.HAL_NVIC_EnableIRQ
                0x000000000800381e       0x1c ./Drivers/STM32F4xx_HAL_Driver/Src/stm32f4xx_hal_cortex.o
                0x000000000800381e                HAL_NVIC_EnableIRQ
 .text.HAL_SYSTICK_Config
                0x000000000800383a       0x18 ./Drivers/STM32F4xx_HAL_Driver/Src/stm32f4xx_hal_cortex.o
                0x000000000800383a                HAL_SYSTICK_Config
 *fill*         0x0000000008003852        0x2 
 .text.HAL_DMA_Init
                0x0000000008003854      0x15c ./Drivers/STM32F4xx_HAL_Driver/Src/stm32f4xx_hal_dma.o
                0x0000000008003854                HAL_DMA_Init
 .text.HAL_DMA_Abort
                0x00000000080039b0       0xe0 ./Drivers/STM32F4xx_HAL_Driver/Src/stm32f4xx_hal_dma.o
                0x00000000080039b0                HAL_DMA_Abort
 .text.HAL_DMA_Abort_IT
                0x0000000008003a90       0x44 ./Drivers/STM32F4xx_HAL_Driver/Src/stm32f4xx_hal_dma.o
                0x0000000008003a90                HAL_DMA_Abort_IT
 .text.HAL_DMA_IRQHandler
                0x0000000008003ad4      0x314 ./Drivers/STM32F4xx_HAL_Driver/Src/stm32f4xx_hal_dma.o
                0x0000000008003ad4                HAL_DMA_IRQHandler
 .text.DMA_CalcBaseAndBitshift
                0x0000000008003de8       0x6c ./Drivers/STM32F4xx_HAL_Driver/Src/stm32f4xx_hal_dma.o
 .text.DMA_CheckFifoParam
                0x0000000008003e54       0xf8 ./Drivers/STM32F4xx_HAL_Driver/Src/stm32f4xx_hal_dma.o
 .text.HAL_GPIO_Init
                0x0000000008003f4c      0x308 ./Drivers/STM32F4xx_HAL_Driver/Src/stm32f4xx_hal_gpio.o
                0x0000000008003f4c                HAL_GPIO_Init
 .text.HAL_GPIO_WritePin
                0x0000000008004254       0x32 ./Drivers/STM32F4xx_HAL_Driver/Src/stm32f4xx_hal_gpio.o
                0x0000000008004254                HAL_GPIO_WritePin
 .text.HAL_GPIO_TogglePin
                0x0000000008004286       0x34 ./Drivers/STM32F4xx_HAL_Driver/Src/stm32f4xx_hal_gpio.o
                0x0000000008004286                HAL_GPIO_TogglePin
 *fill*         0x00000000080042ba        0x2 
 .text.HAL_RCC_OscConfig
                0x00000000080042bc      0x4f0 ./Drivers/STM32F4xx_HAL_Driver/Src/stm32f4xx_hal_rcc.o
                0x00000000080042bc                HAL_RCC_OscConfig
 .text.HAL_RCC_ClockConfig
                0x00000000080047ac      0x1cc ./Drivers/STM32F4xx_HAL_Driver/Src/stm32f4xx_hal_rcc.o
                0x00000000080047ac                HAL_RCC_ClockConfig
 .text.HAL_RCC_GetSysClockFreq
                0x0000000008004978      0x20c ./Drivers/STM32F4xx_HAL_Driver/Src/stm32f4xx_hal_rcc.o
                0x0000000008004978                HAL_RCC_GetSysClockFreq
 .text.HAL_RCC_GetHCLKFreq
                0x0000000008004b84       0x18 ./Drivers/STM32F4xx_HAL_Driver/Src/stm32f4xx_hal_rcc.o
                0x0000000008004b84                HAL_RCC_GetHCLKFreq
 .text.HAL_RCC_GetPCLK1Freq
                0x0000000008004b9c       0x28 ./Drivers/STM32F4xx_HAL_Driver/Src/stm32f4xx_hal_rcc.o
                0x0000000008004b9c                HAL_RCC_GetPCLK1Freq
 .text.HAL_RCC_GetPCLK2Freq
                0x0000000008004bc4       0x28 ./Drivers/STM32F4xx_HAL_Driver/Src/stm32f4xx_hal_rcc.o
                0x0000000008004bc4                HAL_RCC_GetPCLK2Freq
 .text.HAL_TIM_Base_Init
                0x0000000008004bec       0x9e ./Drivers/STM32F4xx_HAL_Driver/Src/stm32f4xx_hal_tim.o
                0x0000000008004bec                HAL_TIM_Base_Init
 *fill*         0x0000000008004c8a        0x2 
 .text.HAL_TIM_Base_Start
                0x0000000008004c8c       0xb4 ./Drivers/STM32F4xx_HAL_Driver/Src/stm32f4xx_hal_tim.o
                0x0000000008004c8c                HAL_TIM_Base_Start
 .text.HAL_TIM_Base_Start_IT
                0x0000000008004d40       0xc4 ./Drivers/STM32F4xx_HAL_Driver/Src/stm32f4xx_hal_tim.o
                0x0000000008004d40                HAL_TIM_Base_Start_IT
 .text.HAL_TIM_PWM_Init
                0x0000000008004e04       0x9e ./Drivers/STM32F4xx_HAL_Driver/Src/stm32f4xx_hal_tim.o
                0x0000000008004e04                HAL_TIM_PWM_Init
 .text.HAL_TIM_PWM_MspInit
                0x0000000008004ea2       0x14 ./Drivers/STM32F4xx_HAL_Driver/Src/stm32f4xx_hal_tim.o
                0x0000000008004ea2                HAL_TIM_PWM_MspInit
 *fill*         0x0000000008004eb6        0x2 
 .text.HAL_TIM_PWM_Start
                0x0000000008004eb8      0x160 ./Drivers/STM32F4xx_HAL_Driver/Src/stm32f4xx_hal_tim.o
                0x0000000008004eb8                HAL_TIM_PWM_Start
 .text.HAL_TIM_IRQHandler
                0x0000000008005018      0x210 ./Drivers/STM32F4xx_HAL_Driver/Src/stm32f4xx_hal_tim.o
                0x0000000008005018                HAL_TIM_IRQHandler
 .text.HAL_TIM_PWM_ConfigChannel
                0x0000000008005228      0x184 ./Drivers/STM32F4xx_HAL_Driver/Src/stm32f4xx_hal_tim.o
                0x0000000008005228                HAL_TIM_PWM_ConfigChannel
 .text.HAL_TIM_ConfigClockSource
                0x00000000080053ac      0x18e ./Drivers/STM32F4xx_HAL_Driver/Src/stm32f4xx_hal_tim.o
                0x00000000080053ac                HAL_TIM_ConfigClockSource
 .text.HAL_TIM_OC_DelayElapsedCallback
                0x000000000800553a       0x14 ./Drivers/STM32F4xx_HAL_Driver/Src/stm32f4xx_hal_tim.o
                0x000000000800553a                HAL_TIM_OC_DelayElapsedCallback
 .text.HAL_TIM_IC_CaptureCallback
                0x000000000800554e       0x14 ./Drivers/STM32F4xx_HAL_Driver/Src/stm32f4xx_hal_tim.o
                0x000000000800554e                HAL_TIM_IC_CaptureCallback
 .text.HAL_TIM_PWM_PulseFinishedCallback
                0x0000000008005562       0x14 ./Drivers/STM32F4xx_HAL_Driver/Src/stm32f4xx_hal_tim.o
                0x0000000008005562                HAL_TIM_PWM_PulseFinishedCallback
 .text.HAL_TIM_TriggerCallback
                0x0000000008005576       0x14 ./Drivers/STM32F4xx_HAL_Driver/Src/stm32f4xx_hal_tim.o
                0x0000000008005576                HAL_TIM_TriggerCallback
 *fill*         0x000000000800558a        0x2 
 .text.TIM_Base_SetConfig
                0x000000000800558c      0x100 ./Drivers/STM32F4xx_HAL_Driver/Src/stm32f4xx_hal_tim.o
                0x000000000800558c                TIM_Base_SetConfig
 .text.TIM_OC1_SetConfig
                0x000000000800568c       0xcc ./Drivers/STM32F4xx_HAL_Driver/Src/stm32f4xx_hal_tim.o
 .text.TIM_OC2_SetConfig
                0x0000000008005758       0xd8 ./Drivers/STM32F4xx_HAL_Driver/Src/stm32f4xx_hal_tim.o
                0x0000000008005758                TIM_OC2_SetConfig
 .text.TIM_OC3_SetConfig
                0x0000000008005830       0xd4 ./Drivers/STM32F4xx_HAL_Driver/Src/stm32f4xx_hal_tim.o
 .text.TIM_OC4_SetConfig
                0x0000000008005904       0xa0 ./Drivers/STM32F4xx_HAL_Driver/Src/stm32f4xx_hal_tim.o
 .text.TIM_TI1_ConfigInputStage
                0x00000000080059a4       0x5e ./Drivers/STM32F4xx_HAL_Driver/Src/stm32f4xx_hal_tim.o
 .text.TIM_TI2_ConfigInputStage
                0x0000000008005a02       0x60 ./Drivers/STM32F4xx_HAL_Driver/Src/stm32f4xx_hal_tim.o
 .text.TIM_ITRx_SetConfig
                0x0000000008005a62       0x36 ./Drivers/STM32F4xx_HAL_Driver/Src/stm32f4xx_hal_tim.o
 .text.TIM_ETR_SetConfig
                0x0000000008005a98       0x40 ./Drivers/STM32F4xx_HAL_Driver/Src/stm32f4xx_hal_tim.o
                0x0000000008005a98                TIM_ETR_SetConfig
 .text.TIM_CCxChannelCmd
                0x0000000008005ad8       0x4a ./Drivers/STM32F4xx_HAL_Driver/Src/stm32f4xx_hal_tim.o
                0x0000000008005ad8                TIM_CCxChannelCmd
 *fill*         0x0000000008005b22        0x2 
 .text.HAL_TIMEx_MasterConfigSynchronization
                0x0000000008005b24       0xdc ./Drivers/STM32F4xx_HAL_Driver/Src/stm32f4xx_hal_tim_ex.o
                0x0000000008005b24                HAL_TIMEx_MasterConfigSynchronization
 .text.HAL_TIMEx_CommutCallback
                0x0000000008005c00       0x14 ./Drivers/STM32F4xx_HAL_Driver/Src/stm32f4xx_hal_tim_ex.o
                0x0000000008005c00                HAL_TIMEx_CommutCallback
 .text.HAL_TIMEx_BreakCallback
                0x0000000008005c14       0x14 ./Drivers/STM32F4xx_HAL_Driver/Src/stm32f4xx_hal_tim_ex.o
                0x0000000008005c14                HAL_TIMEx_BreakCallback
 .text.HAL_UART_Init
                0x0000000008005c28       0x9a ./Drivers/STM32F4xx_HAL_Driver/Src/stm32f4xx_hal_uart.o
                0x0000000008005c28                HAL_UART_Init
 .text.HAL_UART_Receive_IT
                0x0000000008005cc2       0x60 ./Drivers/STM32F4xx_HAL_Driver/Src/stm32f4xx_hal_uart.o
                0x0000000008005cc2                HAL_UART_Receive_IT
 *fill*         0x0000000008005d22        0x2 
 .text.HAL_UART_IRQHandler
                0x0000000008005d24      0x51c ./Drivers/STM32F4xx_HAL_Driver/Src/stm32f4xx_hal_uart.o
                0x0000000008005d24                HAL_UART_IRQHandler
 .text.HAL_UART_TxCpltCallback
                0x0000000008006240       0x14 ./Drivers/STM32F4xx_HAL_Driver/Src/stm32f4xx_hal_uart.o
                0x0000000008006240                HAL_UART_TxCpltCallback
 .text.HAL_UART_ErrorCallback
                0x0000000008006254       0x14 ./Drivers/STM32F4xx_HAL_Driver/Src/stm32f4xx_hal_uart.o
                0x0000000008006254                HAL_UART_ErrorCallback
 .text.HAL_UARTEx_RxEventCallback
                0x0000000008006268       0x18 ./Drivers/STM32F4xx_HAL_Driver/Src/stm32f4xx_hal_uart.o
                0x0000000008006268                HAL_UARTEx_RxEventCallback
 .text.UART_Start_Receive_IT
                0x0000000008006280       0x7c ./Drivers/STM32F4xx_HAL_Driver/Src/stm32f4xx_hal_uart.o
                0x0000000008006280                UART_Start_Receive_IT
 .text.UART_EndRxTransfer
                0x00000000080062fc       0xc6 ./Drivers/STM32F4xx_HAL_Driver/Src/stm32f4xx_hal_uart.o
 .text.UART_DMAAbortOnError
                0x00000000080063c2       0x28 ./Drivers/STM32F4xx_HAL_Driver/Src/stm32f4xx_hal_uart.o
 .text.UART_Transmit_IT
                0x00000000080063ea       0xa0 ./Drivers/STM32F4xx_HAL_Driver/Src/stm32f4xx_hal_uart.o
 .text.UART_EndTransmit_IT
                0x000000000800648a       0x30 ./Drivers/STM32F4xx_HAL_Driver/Src/stm32f4xx_hal_uart.o
 .text.UART_Receive_IT
                0x00000000080064ba      0x176 ./Drivers/STM32F4xx_HAL_Driver/Src/stm32f4xx_hal_uart.o
 .text.UART_SetConfig
                0x0000000008006630      0x4e8 ./Drivers/STM32F4xx_HAL_Driver/Src/stm32f4xx_hal_uart.o
 .text.__libc_init_array
                0x0000000008006b18       0x48 c:/st/stm32cubeide_1.12.1/stm32cubeide/plugins/com.st.stm32cube.ide.mcu.externaltools.gnu-tools-for-stm32.10.3-2021.10.win32_1.0.200.202301161003/tools/bin/../lib/gcc/arm-none-eabi/10.3.1/../../../../arm-none-eabi/lib/thumb/v7e-m+fp/hard\libc_nano.a(lib_a-init.o)
                0x0000000008006b18                __libc_init_array
 .text.memcpy   0x0000000008006b60       0x1c c:/st/stm32cubeide_1.12.1/stm32cubeide/plugins/com.st.stm32cube.ide.mcu.externaltools.gnu-tools-for-stm32.10.3-2021.10.win32_1.0.200.202301161003/tools/bin/../lib/gcc/arm-none-eabi/10.3.1/../../../../arm-none-eabi/lib/thumb/v7e-m+fp/hard\libc_nano.a(lib_a-memcpy-stub.o)
                0x0000000008006b60                memcpy
 .text.memset   0x0000000008006b7c       0x10 c:/st/stm32cubeide_1.12.1/stm32cubeide/plugins/com.st.stm32cube.ide.mcu.externaltools.gnu-tools-for-stm32.10.3-2021.10.win32_1.0.200.202301161003/tools/bin/../lib/gcc/arm-none-eabi/10.3.1/../../../../arm-none-eabi/lib/thumb/v7e-m+fp/hard\libc_nano.a(lib_a-memset.o)
                0x0000000008006b7c                memset
 *(.glue_7)
 .glue_7        0x0000000008006b8c        0x0 linker stubs
 *(.glue_7t)
 .glue_7t       0x0000000008006b8c        0x0 linker stubs
 *(.eh_frame)
 .eh_frame      0x0000000008006b8c        0x0 c:/st/stm32cubeide_1.12.1/stm32cubeide/plugins/com.st.stm32cube.ide.mcu.externaltools.gnu-tools-for-stm32.10.3-2021.10.win32_1.0.200.202301161003/tools/bin/../lib/gcc/arm-none-eabi/10.3.1/thumb/v7e-m+fp/hard/crtbegin.o
 *(.init)
 .init          0x0000000008006b8c        0x4 c:/st/stm32cubeide_1.12.1/stm32cubeide/plugins/com.st.stm32cube.ide.mcu.externaltools.gnu-tools-for-stm32.10.3-2021.10.win32_1.0.200.202301161003/tools/bin/../lib/gcc/arm-none-eabi/10.3.1/thumb/v7e-m+fp/hard/crti.o
                0x0000000008006b8c                _init
 .init          0x0000000008006b90        0x8 c:/st/stm32cubeide_1.12.1/stm32cubeide/plugins/com.st.stm32cube.ide.mcu.externaltools.gnu-tools-for-stm32.10.3-2021.10.win32_1.0.200.202301161003/tools/bin/../lib/gcc/arm-none-eabi/10.3.1/thumb/v7e-m+fp/hard/crtn.o
 *(.fini)
 .fini          0x0000000008006b98        0x4 c:/st/stm32cubeide_1.12.1/stm32cubeide/plugins/com.st.stm32cube.ide.mcu.externaltools.gnu-tools-for-stm32.10.3-2021.10.win32_1.0.200.202301161003/tools/bin/../lib/gcc/arm-none-eabi/10.3.1/thumb/v7e-m+fp/hard/crti.o
                0x0000000008006b98                _fini
 .fini          0x0000000008006b9c        0x8 c:/st/stm32cubeide_1.12.1/stm32cubeide/plugins/com.st.stm32cube.ide.mcu.externaltools.gnu-tools-for-stm32.10.3-2021.10.win32_1.0.200.202301161003/tools/bin/../lib/gcc/arm-none-eabi/10.3.1/thumb/v7e-m+fp/hard/crtn.o
                0x0000000008006ba4                . = ALIGN (0x4)
                0x0000000008006ba4                _etext = .

.vfp11_veneer   0x0000000008006ba4        0x0
 .vfp11_veneer  0x0000000008006ba4        0x0 linker stubs

.v4_bx          0x0000000008006ba4        0x0
 .v4_bx         0x0000000008006ba4        0x0 linker stubs

.iplt           0x0000000008006ba4        0x0
 .iplt          0x0000000008006ba4        0x0 c:/st/stm32cubeide_1.12.1/stm32cubeide/plugins/com.st.stm32cube.ide.mcu.externaltools.gnu-tools-for-stm32.10.3-2021.10.win32_1.0.200.202301161003/tools/bin/../lib/gcc/arm-none-eabi/10.3.1/thumb/v7e-m+fp/hard/crtbegin.o

.rodata         0x0000000008006ba4      0x218
                0x0000000008006ba4                . = ALIGN (0x4)
 *(.rodata)
 .rodata        0x0000000008006ba4        0x8 ./Core/Src/main.o
 *(.rodata*)
 .rodata.AT_com
                0x0000000008006bac        0x5 ./Core/Src/main.o
                0x0000000008006bac                AT_com
 *fill*         0x0000000008006bb1        0x3 
 .rodata.AT_ans
                0x0000000008006bb4        0xb ./Core/Src/main.o
                0x0000000008006bb4                AT_ans
 *fill*         0x0000000008006bbf        0x1 
 .rodata.CWQAP  0x0000000008006bc0        0xb ./Core/Src/main.o
                0x0000000008006bc0                CWQAP
 *fill*         0x0000000008006bcb        0x1 
 .rodata.ANS_CWQAP
                0x0000000008006bcc       0x11 ./Core/Src/main.o
                0x0000000008006bcc                ANS_CWQAP
 *fill*         0x0000000008006bdd        0x3 
 .rodata.CWMODE
                0x0000000008006be0        0xe ./Core/Src/main.o
                0x0000000008006be0                CWMODE
 *fill*         0x0000000008006bee        0x2 
 .rodata.ANS_CWMODE
                0x0000000008006bf0       0x14 ./Core/Src/main.o
                0x0000000008006bf0                ANS_CWMODE
 .rodata.CWJAP_casa
                0x0000000008006c04       0x25 ./Core/Src/main.o
                0x0000000008006c04                CWJAP_casa
 *fill*         0x0000000008006c29        0x3 
 .rodata.ANS_CWJAP_casa
                0x0000000008006c2c       0x48 ./Core/Src/main.o
                0x0000000008006c2c                ANS_CWJAP_casa
 .rodata.CIFSR  0x0000000008006c74        0xb ./Core/Src/main.o
                0x0000000008006c74                CIFSR
 *fill*         0x0000000008006c7f        0x1 
 .rodata.CIFSR_STAIP
                0x0000000008006c80        0xe ./Core/Src/main.o
                0x0000000008006c80                CIFSR_STAIP
 *fill*         0x0000000008006c8e        0x2 
 .rodata.CIPMUX
                0x0000000008006c90        0xe ./Core/Src/main.o
                0x0000000008006c90                CIPMUX
 *fill*         0x0000000008006c9e        0x2 
 .rodata.ANS_CIPMUX
                0x0000000008006ca0       0x14 ./Core/Src/main.o
                0x0000000008006ca0                ANS_CIPMUX
 .rodata.CIPSTART
                0x0000000008006cb4       0x2f ./Core/Src/main.o
                0x0000000008006cb4                CIPSTART
 *fill*         0x0000000008006ce3        0x1 
 .rodata.ANS_CIPSTART
                0x0000000008006ce4       0x2f ./Core/Src/main.o
                0x0000000008006ce4                ANS_CIPSTART
 *fill*         0x0000000008006d13        0x1 
 .rodata.CIPSEND
                0x0000000008006d14        0xc ./Core/Src/main.o
                0x0000000008006d14                CIPSEND
 .rodata.CIPSEND2
                0x0000000008006d20        0x9 ./Core/Src/main.o
                0x0000000008006d20                CIPSEND2
 *fill*         0x0000000008006d29        0x3 
 .rodata.CIPSEND3
                0x0000000008006d2c        0x6 ./Core/Src/main.o
                0x0000000008006d2c                CIPSEND3
 *fill*         0x0000000008006d32        0x2 
 .rodata.CIPSEND4
                0x0000000008006d34       0x14 ./Core/Src/main.o
                0x0000000008006d34                CIPSEND4
 .rodata.OK     0x0000000008006d48        0x7 ./Core/Src/main.o
                0x0000000008006d48                OK
 *fill*         0x0000000008006d4f        0x1 
 .rodata.IPD    0x0000000008006d50        0x8 ./Core/Src/main.o
                0x0000000008006d50                IPD
 .rodata.UNER   0x0000000008006d58        0x5 ./Core/Src/main.o
                0x0000000008006d58                UNER
 *fill*         0x0000000008006d5d        0x3 
 .rodata.ALIVE  0x0000000008006d60        0x7 ./Core/Src/main.o
                0x0000000008006d60                ALIVE
 *fill*         0x0000000008006d67        0x1 
 .rodata.ACK_D0
                0x0000000008006d68        0x9 ./Core/Src/main.o
                0x0000000008006d68                ACK_D0
 *fill*         0x0000000008006d71        0x3 
 .rodata.COORD_SENSORES
                0x0000000008006d74       0x28 ./Core/Src/main.o
                0x0000000008006d74                COORD_SENSORES
 .rodata.AHBPrescTable
                0x0000000008006d9c       0x10 ./Core/Src/system_stm32f4xx.o
                0x0000000008006d9c                AHBPrescTable
 .rodata.APBPrescTable
                0x0000000008006dac        0x8 ./Core/Src/system_stm32f4xx.o
                0x0000000008006dac                APBPrescTable
 .rodata.flagBitshiftOffset.0
                0x0000000008006db4        0x8 ./Drivers/STM32F4xx_HAL_Driver/Src/stm32f4xx_hal_dma.o
                0x0000000008006dbc                . = ALIGN (0x4)

.ARM.extab      0x0000000008006dbc        0x0
                0x0000000008006dbc                . = ALIGN (0x4)
 *(.ARM.extab* .gnu.linkonce.armextab.*)
                0x0000000008006dbc                . = ALIGN (0x4)

.ARM            0x0000000008006dbc        0x8
                0x0000000008006dbc                . = ALIGN (0x4)
                0x0000000008006dbc                __exidx_start = .
 *(.ARM.exidx*)
 .ARM.exidx     0x0000000008006dbc        0x8 c:/st/stm32cubeide_1.12.1/stm32cubeide/plugins/com.st.stm32cube.ide.mcu.externaltools.gnu-tools-for-stm32.10.3-2021.10.win32_1.0.200.202301161003/tools/bin/../lib/gcc/arm-none-eabi/10.3.1/thumb/v7e-m+fp/hard\libgcc.a(_udivmoddi4.o)
                0x0000000008006dc4                __exidx_end = .
                0x0000000008006dc4                . = ALIGN (0x4)

.rel.dyn        0x0000000008006dc4        0x0
 .rel.iplt      0x0000000008006dc4        0x0 c:/st/stm32cubeide_1.12.1/stm32cubeide/plugins/com.st.stm32cube.ide.mcu.externaltools.gnu-tools-for-stm32.10.3-2021.10.win32_1.0.200.202301161003/tools/bin/../lib/gcc/arm-none-eabi/10.3.1/thumb/v7e-m+fp/hard/crtbegin.o

.preinit_array  0x0000000008006dc4        0x0
                0x0000000008006dc4                . = ALIGN (0x4)
                0x0000000008006dc4                PROVIDE (__preinit_array_start = .)
 *(.preinit_array*)
                0x0000000008006dc4                PROVIDE (__preinit_array_end = .)
                0x0000000008006dc4                . = ALIGN (0x4)

.init_array     0x0000000008006dc4        0x4
                0x0000000008006dc4                . = ALIGN (0x4)
                0x0000000008006dc4                PROVIDE (__init_array_start = .)
 *(SORT_BY_NAME(.init_array.*))
 *(.init_array*)
 .init_array    0x0000000008006dc4        0x4 c:/st/stm32cubeide_1.12.1/stm32cubeide/plugins/com.st.stm32cube.ide.mcu.externaltools.gnu-tools-for-stm32.10.3-2021.10.win32_1.0.200.202301161003/tools/bin/../lib/gcc/arm-none-eabi/10.3.1/thumb/v7e-m+fp/hard/crtbegin.o
                0x0000000008006dc8                PROVIDE (__init_array_end = .)
                0x0000000008006dc8                . = ALIGN (0x4)

.fini_array     0x0000000008006dc8        0x4
                0x0000000008006dc8                . = ALIGN (0x4)
                [!provide]                        PROVIDE (__fini_array_start = .)
 *(SORT_BY_NAME(.fini_array.*))
 *(.fini_array*)
 .fini_array    0x0000000008006dc8        0x4 c:/st/stm32cubeide_1.12.1/stm32cubeide/plugins/com.st.stm32cube.ide.mcu.externaltools.gnu-tools-for-stm32.10.3-2021.10.win32_1.0.200.202301161003/tools/bin/../lib/gcc/arm-none-eabi/10.3.1/thumb/v7e-m+fp/hard/crtbegin.o
                [!provide]                        PROVIDE (__fini_array_end = .)
                0x0000000008006dcc                . = ALIGN (0x4)
                0x0000000008006dcc                _sidata = LOADADDR (.data)

.data           0x0000000020000000       0x10 load address 0x0000000008006dcc
                0x0000000020000000                . = ALIGN (0x4)
                0x0000000020000000                _sdata = .
 *(.data)
 *(.data*)
 .data.contByte
                0x0000000020000000        0x1 ./Core/Src/main.o
                0x0000000020000000                contByte
 .data.primLectADC
                0x0000000020000001        0x1 ./Core/Src/main.o
                0x0000000020000001                primLectADC
 *fill*         0x0000000020000002        0x2 
 .data.SystemCoreClock
                0x0000000020000004        0x4 ./Core/Src/system_stm32f4xx.o
                0x0000000020000004                SystemCoreClock
 .data.uwTickPrio
                0x0000000020000008        0x4 ./Drivers/STM32F4xx_HAL_Driver/Src/stm32f4xx_hal.o
                0x0000000020000008                uwTickPrio
 .data.uwTickFreq
                0x000000002000000c        0x1 ./Drivers/STM32F4xx_HAL_Driver/Src/stm32f4xx_hal.o
                0x000000002000000c                uwTickFreq
 *(.RamFunc)
 *(.RamFunc*)
                0x0000000020000010                . = ALIGN (0x4)
 *fill*         0x000000002000000d        0x3 
                0x0000000020000010                _edata = .

.igot.plt       0x0000000020000010        0x0 load address 0x0000000008006ddc
 .igot.plt      0x0000000020000010        0x0 c:/st/stm32cubeide_1.12.1/stm32cubeide/plugins/com.st.stm32cube.ide.mcu.externaltools.gnu-tools-for-stm32.10.3-2021.10.win32_1.0.200.202301161003/tools/bin/../lib/gcc/arm-none-eabi/10.3.1/thumb/v7e-m+fp/hard/crtbegin.o
                0x0000000020000010                . = ALIGN (0x4)

.bss            0x0000000020000010      0x58c load address 0x0000000008006ddc
                0x0000000020000010                _sbss = .
                0x0000000020000010                __bss_start__ = _sbss
 *(.bss)
 .bss           0x0000000020000010       0x1c c:/st/stm32cubeide_1.12.1/stm32cubeide/plugins/com.st.stm32cube.ide.mcu.externaltools.gnu-tools-for-stm32.10.3-2021.10.win32_1.0.200.202301161003/tools/bin/../lib/gcc/arm-none-eabi/10.3.1/thumb/v7e-m+fp/hard/crtbegin.o
 *(.bss*)
 .bss.hadc1     0x000000002000002c       0x48 ./Core/Src/main.o
                0x000000002000002c                hadc1
 .bss.hdma_adc1
                0x0000000020000074       0x60 ./Core/Src/main.o
                0x0000000020000074                hdma_adc1
 .bss.htim3     0x00000000200000d4       0x48 ./Core/Src/main.o
                0x00000000200000d4                htim3
 .bss.htim4     0x000000002000011c       0x48 ./Core/Src/main.o
                0x000000002000011c                htim4
 .bss.huart1    0x0000000020000164       0x44 ./Core/Src/main.o
                0x0000000020000164                huart1
 .bss.huart2    0x00000000200001a8       0x44 ./Core/Src/main.o
                0x00000000200001a8                huart2
 .bss.buf_rx    0x00000000200001ec      0x100 ./Core/Src/main.o
                0x00000000200001ec                buf_rx
 .bss.buf_tx    0x00000000200002ec      0x100 ./Core/Src/main.o
                0x00000000200002ec                buf_tx
 .bss.ADCData   0x00000000200003ec      0x100 ./Core/Src/main.o
                0x00000000200003ec                ADCData
 .bss.espIP     0x00000000200004ec        0xf ./Core/Src/main.o
                0x00000000200004ec                espIP
 .bss.time100ms
                0x00000000200004fb        0x1 ./Core/Src/main.o
                0x00000000200004fb                time100ms
 .bss.time10ms  0x00000000200004fc        0x1 ./Core/Src/main.o
                0x00000000200004fc                time10ms
 .bss.indRX_W   0x00000000200004fd        0x1 ./Core/Src/main.o
                0x00000000200004fd                indRX_W
 .bss.indRX_R   0x00000000200004fe        0x1 ./Core/Src/main.o
                0x00000000200004fe                indRX_R
 .bss.indTX_W   0x00000000200004ff        0x1 ./Core/Src/main.o
                0x00000000200004ff                indTX_W
 .bss.indTX_R   0x0000000020000500        0x1 ./Core/Src/main.o
                0x0000000020000500                indTX_R
 .bss.indADC    0x0000000020000501        0x1 ./Core/Src/main.o
                0x0000000020000501                indADC
 .bss.coincidencias
                0x0000000020000502        0x1 ./Core/Src/main.o
                0x0000000020000502                coincidencias
 .bss.coincidencias2
                0x0000000020000503        0x1 ./Core/Src/main.o
                0x0000000020000503                coincidencias2
 .bss.duty      0x0000000020000504        0x1 ./Core/Src/main.o
                0x0000000020000504                duty
 .bss.AT        0x0000000020000505        0x1 ./Core/Src/main.o
                0x0000000020000505                AT
 .bss.decoCIPSEND
                0x0000000020000506        0x1 ./Core/Src/main.o
                0x0000000020000506                decoCIPSEND
 .bss.decodeCIF
                0x0000000020000507        0x1 ./Core/Src/main.o
                0x0000000020000507                decodeCIF
 .bss.decoIPD   0x0000000020000508        0x1 ./Core/Src/main.o
                0x0000000020000508                decoIPD
 .bss.timeout1  0x0000000020000509        0x1 ./Core/Src/main.o
                0x0000000020000509                timeout1
 .bss.timeout2  0x000000002000050a        0x1 ./Core/Src/main.o
                0x000000002000050a                timeout2
 .bss.timeoutADC
                0x000000002000050b        0x1 ./Core/Src/main.o
                0x000000002000050b                timeoutADC
 .bss.timeoutPID
                0x000000002000050c        0x1 ./Core/Src/main.o
                0x000000002000050c                timeoutPID
 .bss.largoIP   0x000000002000050d        0x1 ./Core/Src/main.o
                0x000000002000050d                largoIP
 .bss.bytesToSend
                0x000000002000050e        0x1 ./Core/Src/main.o
                0x000000002000050e                bytesToSend
 .bss.bytesToSend_aux
                0x000000002000050f        0x1 ./Core/Src/main.o
                0x000000002000050f                bytesToSend_aux
 .bss.timeToSendAlive
                0x0000000020000510        0x1 ./Core/Src/main.o
                0x0000000020000510                timeToSendAlive
 .bss.cks       0x0000000020000511        0x1 ./Core/Src/main.o
                0x0000000020000511                cks
 .bss.bytesUNERprotocol
                0x0000000020000512        0x1 ./Core/Src/main.o
                0x0000000020000512                bytesUNERprotocol
 .bss.cmdPosInBuf
                0x0000000020000513        0x1 ./Core/Src/main.o
                0x0000000020000513                cmdPosInBuf
 .bss.comandoActual
                0x0000000020000514        0x1 ./Core/Src/main.o
                0x0000000020000514                comandoActual
 *fill*         0x0000000020000515        0x3 
 .bss.PWM_motor1
                0x0000000020000518        0x4 ./Core/Src/main.o
                0x0000000020000518                PWM_motor1
 .bss.PWM_motor2
                0x000000002000051c        0x4 ./Core/Src/main.o
                0x000000002000051c                PWM_motor2
 .bss.jobTime   0x0000000020000520        0x4 ./Core/Src/main.o
                0x0000000020000520                jobTime
 .bss.error     0x0000000020000524        0x4 ./Core/Src/main.o
                0x0000000020000524                error
 .bss.valueADC  0x0000000020000528       0x20 ./Core/Src/main.o
                0x0000000020000528                valueADC
 .bss.Kp        0x0000000020000548        0x4 ./Core/Src/main.o
                0x0000000020000548                Kp
 .bss.Kd        0x000000002000054c        0x4 ./Core/Src/main.o
                0x000000002000054c                Kd
 .bss.Ki        0x0000000020000550        0x4 ./Core/Src/main.o
                0x0000000020000550                Ki
 .bss.flag1     0x0000000020000554        0x1 ./Core/Src/main.o
                0x0000000020000554                flag1
 *fill*         0x0000000020000555        0x3 
 .bss.flag2     0x0000000020000558        0x1 ./Core/Src/main.o
                0x0000000020000558                flag2
 *fill*         0x0000000020000559        0x3 
 .bss.integral  0x000000002000055c        0x4 ./Core/Src/main.o
                0x000000002000055c                integral
 .bss.derivativo
                0x0000000020000560        0x4 ./Core/Src/main.o
                0x0000000020000560                derivativo
 .bss.turn      0x0000000020000564        0x4 ./Core/Src/main.o
                0x0000000020000564                turn
 .bss.lastError
                0x0000000020000568        0x4 ./Core/Src/main.o
                0x0000000020000568                lastError
 .bss.posMINCenter
                0x000000002000056c        0x1 ./Core/Src/main.o
                0x000000002000056c                posMINCenter
 .bss.posMINRight
                0x000000002000056d        0x1 ./Core/Src/main.o
                0x000000002000056d                posMINRight
 .bss.posMINLeft
                0x000000002000056e        0x1 ./Core/Src/main.o
                0x000000002000056e                posMINLeft
 *fill*         0x000000002000056f        0x1 
 .bss.sensorValue
                0x0000000020000570        0x2 ./Core/Src/main.o
                0x0000000020000570                sensorValue
 *fill*         0x0000000020000572        0x2 
 .bss.xMin      0x0000000020000574        0x4 ./Core/Src/main.o
                0x0000000020000574                xMin
 .bss.fx2_fx3   0x0000000020000578        0x4 ./Core/Src/main.o
                0x0000000020000578                fx2_fx3
 .bss.fx2_fx1   0x000000002000057c        0x4 ./Core/Src/main.o
                0x000000002000057c                fx2_fx1
 .bss.x2_x1     0x0000000020000580        0x4 ./Core/Src/main.o
                0x0000000020000580                x2_x1
 .bss.x2_x3     0x0000000020000584        0x4 ./Core/Src/main.o
                0x0000000020000584                x2_x3
 .bss.x2_x1cuad
                0x0000000020000588        0x4 ./Core/Src/main.o
                0x0000000020000588                x2_x1cuad
 .bss.x2_x3cuad
                0x000000002000058c        0x4 ./Core/Src/main.o
                0x000000002000058c                x2_x3cuad
 .bss.denominador
                0x0000000020000590        0x4 ./Core/Src/main.o
                0x0000000020000590                denominador
 .bss.f         0x0000000020000594        0x1 ./Core/Src/main.o
                0x0000000020000594                f
 *fill*         0x0000000020000595        0x3 
 .bss.uwTick    0x0000000020000598        0x4 ./Drivers/STM32F4xx_HAL_Driver/Src/stm32f4xx_hal.o
                0x0000000020000598                uwTick
 *(COMMON)
                0x000000002000059c                . = ALIGN (0x4)
                0x000000002000059c                _ebss = .
                0x000000002000059c                __bss_end__ = _ebss

._user_heap_stack
                0x000000002000059c      0x604 load address 0x0000000008006ddc
                0x00000000200005a0                . = ALIGN (0x8)
 *fill*         0x000000002000059c        0x4 
                [!provide]                        PROVIDE (end = .)
                0x00000000200005a0                PROVIDE (_end = .)
                0x00000000200007a0                . = (. + _Min_Heap_Size)
 *fill*         0x00000000200005a0      0x200 
                0x0000000020000ba0                . = (. + _Min_Stack_Size)
 *fill*         0x00000000200007a0      0x400 
                0x0000000020000ba0                . = ALIGN (0x8)

/DISCARD/
 libc.a(*)
 libm.a(*)
 libgcc.a(*)

.ARM.attributes
                0x0000000000000000       0x30
 *(.ARM.attributes)
 .ARM.attributes
                0x0000000000000000       0x1e c:/st/stm32cubeide_1.12.1/stm32cubeide/plugins/com.st.stm32cube.ide.mcu.externaltools.gnu-tools-for-stm32.10.3-2021.10.win32_1.0.200.202301161003/tools/bin/../lib/gcc/arm-none-eabi/10.3.1/thumb/v7e-m+fp/hard/crti.o
 .ARM.attributes
                0x000000000000001e       0x34 c:/st/stm32cubeide_1.12.1/stm32cubeide/plugins/com.st.stm32cube.ide.mcu.externaltools.gnu-tools-for-stm32.10.3-2021.10.win32_1.0.200.202301161003/tools/bin/../lib/gcc/arm-none-eabi/10.3.1/thumb/v7e-m+fp/hard/crtbegin.o
 .ARM.attributes
                0x0000000000000052       0x34 ./Core/Src/main.o
 .ARM.attributes
                0x0000000000000086       0x34 ./Core/Src/stm32f4xx_hal_msp.o
 .ARM.attributes
                0x00000000000000ba       0x34 ./Core/Src/stm32f4xx_it.o
 .ARM.attributes
                0x00000000000000ee       0x34 ./Core/Src/system_stm32f4xx.o
 .ARM.attributes
                0x0000000000000122       0x21 ./Core/Startup/startup_stm32f401retx.o
 .ARM.attributes
                0x0000000000000143       0x34 ./Drivers/STM32F4xx_HAL_Driver/Src/stm32f4xx_hal.o
 .ARM.attributes
                0x0000000000000177       0x34 ./Drivers/STM32F4xx_HAL_Driver/Src/stm32f4xx_hal_adc.o
 .ARM.attributes
                0x00000000000001ab       0x34 ./Drivers/STM32F4xx_HAL_Driver/Src/stm32f4xx_hal_adc_ex.o
 .ARM.attributes
                0x00000000000001df       0x34 ./Drivers/STM32F4xx_HAL_Driver/Src/stm32f4xx_hal_cortex.o
 .ARM.attributes
                0x0000000000000213       0x34 ./Drivers/STM32F4xx_HAL_Driver/Src/stm32f4xx_hal_dma.o
 .ARM.attributes
                0x0000000000000247       0x34 ./Drivers/STM32F4xx_HAL_Driver/Src/stm32f4xx_hal_gpio.o
 .ARM.attributes
                0x000000000000027b       0x34 ./Drivers/STM32F4xx_HAL_Driver/Src/stm32f4xx_hal_rcc.o
 .ARM.attributes
                0x00000000000002af       0x34 ./Drivers/STM32F4xx_HAL_Driver/Src/stm32f4xx_hal_tim.o
 .ARM.attributes
                0x00000000000002e3       0x34 ./Drivers/STM32F4xx_HAL_Driver/Src/stm32f4xx_hal_tim_ex.o
 .ARM.attributes
                0x0000000000000317       0x34 ./Drivers/STM32F4xx_HAL_Driver/Src/stm32f4xx_hal_uart.o
 .ARM.attributes
                0x000000000000034b       0x34 c:/st/stm32cubeide_1.12.1/stm32cubeide/plugins/com.st.stm32cube.ide.mcu.externaltools.gnu-tools-for-stm32.10.3-2021.10.win32_1.0.200.202301161003/tools/bin/../lib/gcc/arm-none-eabi/10.3.1/../../../../arm-none-eabi/lib/thumb/v7e-m+fp/hard\libc_nano.a(lib_a-init.o)
 .ARM.attributes
                0x000000000000037f       0x34 c:/st/stm32cubeide_1.12.1/stm32cubeide/plugins/com.st.stm32cube.ide.mcu.externaltools.gnu-tools-for-stm32.10.3-2021.10.win32_1.0.200.202301161003/tools/bin/../lib/gcc/arm-none-eabi/10.3.1/../../../../arm-none-eabi/lib/thumb/v7e-m+fp/hard\libc_nano.a(lib_a-memcpy-stub.o)
 .ARM.attributes
                0x00000000000003b3       0x34 c:/st/stm32cubeide_1.12.1/stm32cubeide/plugins/com.st.stm32cube.ide.mcu.externaltools.gnu-tools-for-stm32.10.3-2021.10.win32_1.0.200.202301161003/tools/bin/../lib/gcc/arm-none-eabi/10.3.1/../../../../arm-none-eabi/lib/thumb/v7e-m+fp/hard\libc_nano.a(lib_a-memset.o)
 .ARM.attributes
                0x00000000000003e7       0x1e c:/st/stm32cubeide_1.12.1/stm32cubeide/plugins/com.st.stm32cube.ide.mcu.externaltools.gnu-tools-for-stm32.10.3-2021.10.win32_1.0.200.202301161003/tools/bin/../lib/gcc/arm-none-eabi/10.3.1/thumb/v7e-m+fp/hard\libgcc.a(_aeabi_uldivmod.o)
 .ARM.attributes
                0x0000000000000405       0x34 c:/st/stm32cubeide_1.12.1/stm32cubeide/plugins/com.st.stm32cube.ide.mcu.externaltools.gnu-tools-for-stm32.10.3-2021.10.win32_1.0.200.202301161003/tools/bin/../lib/gcc/arm-none-eabi/10.3.1/thumb/v7e-m+fp/hard\libgcc.a(_udivmoddi4.o)
 .ARM.attributes
                0x0000000000000439       0x1e c:/st/stm32cubeide_1.12.1/stm32cubeide/plugins/com.st.stm32cube.ide.mcu.externaltools.gnu-tools-for-stm32.10.3-2021.10.win32_1.0.200.202301161003/tools/bin/../lib/gcc/arm-none-eabi/10.3.1/thumb/v7e-m+fp/hard\libgcc.a(_dvmd_tls.o)
 .ARM.attributes
                0x0000000000000457       0x1e c:/st/stm32cubeide_1.12.1/stm32cubeide/plugins/com.st.stm32cube.ide.mcu.externaltools.gnu-tools-for-stm32.10.3-2021.10.win32_1.0.200.202301161003/tools/bin/../lib/gcc/arm-none-eabi/10.3.1/thumb/v7e-m+fp/hard/crtn.o
OUTPUT(PROT2.elf elf32-littlearm)
LOAD linker stubs
LOAD c:/st/stm32cubeide_1.12.1/stm32cubeide/plugins/com.st.stm32cube.ide.mcu.externaltools.gnu-tools-for-stm32.10.3-2021.10.win32_1.0.200.202301161003/tools/bin/../lib/gcc/arm-none-eabi/10.3.1/../../../../arm-none-eabi/lib/thumb/v7e-m+fp/hard\libc.a
LOAD c:/st/stm32cubeide_1.12.1/stm32cubeide/plugins/com.st.stm32cube.ide.mcu.externaltools.gnu-tools-for-stm32.10.3-2021.10.win32_1.0.200.202301161003/tools/bin/../lib/gcc/arm-none-eabi/10.3.1/../../../../arm-none-eabi/lib/thumb/v7e-m+fp/hard\libm.a
LOAD c:/st/stm32cubeide_1.12.1/stm32cubeide/plugins/com.st.stm32cube.ide.mcu.externaltools.gnu-tools-for-stm32.10.3-2021.10.win32_1.0.200.202301161003/tools/bin/../lib/gcc/arm-none-eabi/10.3.1/thumb/v7e-m+fp/hard\libgcc.a

.debug_info     0x0000000000000000    0x10751
 .debug_info    0x0000000000000000     0x2422 ./Core/Src/main.o
 .debug_info    0x0000000000002422     0x138d ./Core/Src/stm32f4xx_hal_msp.o
 .debug_info    0x00000000000037af      0xcc7 ./Core/Src/stm32f4xx_it.o
 .debug_info    0x0000000000004476      0x54f ./Core/Src/system_stm32f4xx.o
 .debug_info    0x00000000000049c5       0x22 ./Core/Startup/startup_stm32f401retx.o
 .debug_info    0x00000000000049e7      0x906 ./Drivers/STM32F4xx_HAL_Driver/Src/stm32f4xx_hal.o
 .debug_info    0x00000000000052ed      0xd68 ./Drivers/STM32F4xx_HAL_Driver/Src/stm32f4xx_hal_adc.o
 .debug_info    0x0000000000006055      0xbd4 ./Drivers/STM32F4xx_HAL_Driver/Src/stm32f4xx_hal_adc_ex.o
 .debug_info    0x0000000000006c29      0xd85 ./Drivers/STM32F4xx_HAL_Driver/Src/stm32f4xx_hal_cortex.o
 .debug_info    0x00000000000079ae      0x947 ./Drivers/STM32F4xx_HAL_Driver/Src/stm32f4xx_hal_dma.o
 .debug_info    0x00000000000082f5      0x78e ./Drivers/STM32F4xx_HAL_Driver/Src/stm32f4xx_hal_gpio.o
 .debug_info    0x0000000000008a83      0x98c ./Drivers/STM32F4xx_HAL_Driver/Src/stm32f4xx_hal_rcc.o
 .debug_info    0x000000000000940f     0x2bb6 ./Drivers/STM32F4xx_HAL_Driver/Src/stm32f4xx_hal_tim.o
 .debug_info    0x000000000000bfc5     0x15d8 ./Drivers/STM32F4xx_HAL_Driver/Src/stm32f4xx_hal_tim_ex.o
 .debug_info    0x000000000000d59d     0x31b4 ./Drivers/STM32F4xx_HAL_Driver/Src/stm32f4xx_hal_uart.o

.debug_abbrev   0x0000000000000000     0x210d
 .debug_abbrev  0x0000000000000000      0x3ff ./Core/Src/main.o
 .debug_abbrev  0x00000000000003ff      0x247 ./Core/Src/stm32f4xx_hal_msp.o
 .debug_abbrev  0x0000000000000646      0x1b6 ./Core/Src/stm32f4xx_it.o
 .debug_abbrev  0x00000000000007fc      0x116 ./Core/Src/system_stm32f4xx.o
 .debug_abbrev  0x0000000000000912       0x12 ./Core/Startup/startup_stm32f401retx.o
 .debug_abbrev  0x0000000000000924      0x23e ./Drivers/STM32F4xx_HAL_Driver/Src/stm32f4xx_hal.o
 .debug_abbrev  0x0000000000000b62      0x204 ./Drivers/STM32F4xx_HAL_Driver/Src/stm32f4xx_hal_adc.o
 .debug_abbrev  0x0000000000000d66      0x21f ./Drivers/STM32F4xx_HAL_Driver/Src/stm32f4xx_hal_adc_ex.o
 .debug_abbrev  0x0000000000000f85      0x316 ./Drivers/STM32F4xx_HAL_Driver/Src/stm32f4xx_hal_cortex.o
 .debug_abbrev  0x000000000000129b      0x21b ./Drivers/STM32F4xx_HAL_Driver/Src/stm32f4xx_hal_dma.o
 .debug_abbrev  0x00000000000014b6      0x1c4 ./Drivers/STM32F4xx_HAL_Driver/Src/stm32f4xx_hal_gpio.o
 .debug_abbrev  0x000000000000167a      0x2aa ./Drivers/STM32F4xx_HAL_Driver/Src/stm32f4xx_hal_rcc.o
 .debug_abbrev  0x0000000000001924      0x26e ./Drivers/STM32F4xx_HAL_Driver/Src/stm32f4xx_hal_tim.o
 .debug_abbrev  0x0000000000001b92      0x276 ./Drivers/STM32F4xx_HAL_Driver/Src/stm32f4xx_hal_tim_ex.o
 .debug_abbrev  0x0000000000001e08      0x305 ./Drivers/STM32F4xx_HAL_Driver/Src/stm32f4xx_hal_uart.o

.debug_aranges  0x0000000000000000      0xe18
 .debug_aranges
                0x0000000000000000       0xc0 ./Core/Src/main.o
 .debug_aranges
                0x00000000000000c0       0x58 ./Core/Src/stm32f4xx_hal_msp.o
 .debug_aranges
                0x0000000000000118       0x88 ./Core/Src/stm32f4xx_it.o
 .debug_aranges
                0x00000000000001a0       0x28 ./Core/Src/system_stm32f4xx.o
 .debug_aranges
                0x00000000000001c8       0x28 ./Core/Startup/startup_stm32f401retx.o
 .debug_aranges
                0x00000000000001f0       0xf0 ./Drivers/STM32F4xx_HAL_Driver/Src/stm32f4xx_hal.o
 .debug_aranges
                0x00000000000002e0       0xe8 ./Drivers/STM32F4xx_HAL_Driver/Src/stm32f4xx_hal_adc.o
 .debug_aranges
                0x00000000000003c8       0x90 ./Drivers/STM32F4xx_HAL_Driver/Src/stm32f4xx_hal_adc_ex.o
 .debug_aranges
                0x0000000000000458      0x118 ./Drivers/STM32F4xx_HAL_Driver/Src/stm32f4xx_hal_cortex.o
 .debug_aranges
                0x0000000000000570       0x90 ./Drivers/STM32F4xx_HAL_Driver/Src/stm32f4xx_hal_dma.o
 .debug_aranges
                0x0000000000000600       0x58 ./Drivers/STM32F4xx_HAL_Driver/Src/stm32f4xx_hal_gpio.o
 .debug_aranges
                0x0000000000000658       0x88 ./Drivers/STM32F4xx_HAL_Driver/Src/stm32f4xx_hal_rcc.o
 .debug_aranges
                0x00000000000006e0      0x3d0 ./Drivers/STM32F4xx_HAL_Driver/Src/stm32f4xx_hal_tim.o
 .debug_aranges
                0x0000000000000ab0      0x168 ./Drivers/STM32F4xx_HAL_Driver/Src/stm32f4xx_hal_tim_ex.o
 .debug_aranges
                0x0000000000000c18      0x200 ./Drivers/STM32F4xx_HAL_Driver/Src/stm32f4xx_hal_uart.o

.debug_ranges   0x0000000000000000      0xd60
 .debug_ranges  0x0000000000000000       0xb0 ./Core/Src/main.o
 .debug_ranges  0x00000000000000b0       0x48 ./Core/Src/stm32f4xx_hal_msp.o
 .debug_ranges  0x00000000000000f8       0x78 ./Core/Src/stm32f4xx_it.o
 .debug_ranges  0x0000000000000170       0x18 ./Core/Src/system_stm32f4xx.o
 .debug_ranges  0x0000000000000188       0x20 ./Core/Startup/startup_stm32f401retx.o
 .debug_ranges  0x00000000000001a8       0xe0 ./Drivers/STM32F4xx_HAL_Driver/Src/stm32f4xx_hal.o
 .debug_ranges  0x0000000000000288       0xd8 ./Drivers/STM32F4xx_HAL_Driver/Src/stm32f4xx_hal_adc.o
 .debug_ranges  0x0000000000000360       0x80 ./Drivers/STM32F4xx_HAL_Driver/Src/stm32f4xx_hal_adc_ex.o
 .debug_ranges  0x00000000000003e0      0x108 ./Drivers/STM32F4xx_HAL_Driver/Src/stm32f4xx_hal_cortex.o
 .debug_ranges  0x00000000000004e8       0x80 ./Drivers/STM32F4xx_HAL_Driver/Src/stm32f4xx_hal_dma.o
 .debug_ranges  0x0000000000000568       0x48 ./Drivers/STM32F4xx_HAL_Driver/Src/stm32f4xx_hal_gpio.o
 .debug_ranges  0x00000000000005b0       0x78 ./Drivers/STM32F4xx_HAL_Driver/Src/stm32f4xx_hal_rcc.o
 .debug_ranges  0x0000000000000628      0x3c0 ./Drivers/STM32F4xx_HAL_Driver/Src/stm32f4xx_hal_tim.o
 .debug_ranges  0x00000000000009e8      0x158 ./Drivers/STM32F4xx_HAL_Driver/Src/stm32f4xx_hal_tim_ex.o
 .debug_ranges  0x0000000000000b40      0x220 ./Drivers/STM32F4xx_HAL_Driver/Src/stm32f4xx_hal_uart.o

.debug_macro    0x0000000000000000    0x1748b
 .debug_macro   0x0000000000000000      0x33d ./Core/Src/main.o
 .debug_macro   0x000000000000033d      0xa78 ./Core/Src/main.o
 .debug_macro   0x0000000000000db5      0x2a1 ./Core/Src/main.o
 .debug_macro   0x0000000000001056       0x2e ./Core/Src/main.o
 .debug_macro   0x0000000000001084       0x28 ./Core/Src/main.o
 .debug_macro   0x00000000000010ac       0x22 ./Core/Src/main.o
 .debug_macro   0x00000000000010ce       0x8e ./Core/Src/main.o
 .debug_macro   0x000000000000115c       0x51 ./Core/Src/main.o
 .debug_macro   0x00000000000011ad      0x103 ./Core/Src/main.o
 .debug_macro   0x00000000000012b0       0x6a ./Core/Src/main.o
 .debug_macro   0x000000000000131a      0x1df ./Core/Src/main.o
 .debug_macro   0x00000000000014f9       0x1c ./Core/Src/main.o
 .debug_macro   0x0000000000001515       0x22 ./Core/Src/main.o
 .debug_macro   0x0000000000001537       0xd9 ./Core/Src/main.o
 .debug_macro   0x0000000000001610     0x102d ./Core/Src/main.o
 .debug_macro   0x000000000000263d      0x11f ./Core/Src/main.o
 .debug_macro   0x000000000000275c     0xb86c ./Core/Src/main.o
 .debug_macro   0x000000000000dfc8       0x6d ./Core/Src/main.o
 .debug_macro   0x000000000000e035     0x367e ./Core/Src/main.o
 .debug_macro   0x00000000000116b3      0x174 ./Core/Src/main.o
 .debug_macro   0x0000000000011827       0x5c ./Core/Src/main.o
 .debug_macro   0x0000000000011883      0x416 ./Core/Src/main.o
 .debug_macro   0x0000000000011c99      0x9fe ./Core/Src/main.o
 .debug_macro   0x0000000000012697      0x115 ./Core/Src/main.o
 .debug_macro   0x00000000000127ac       0xf8 ./Core/Src/main.o
 .debug_macro   0x00000000000128a4       0xa5 ./Core/Src/main.o
 .debug_macro   0x0000000000012949      0x15f ./Core/Src/main.o
 .debug_macro   0x0000000000012aa8      0x287 ./Core/Src/main.o
 .debug_macro   0x0000000000012d2f       0x5f ./Core/Src/main.o
 .debug_macro   0x0000000000012d8e      0x236 ./Core/Src/main.o
 .debug_macro   0x0000000000012fc4      0x9e1 ./Core/Src/main.o
 .debug_macro   0x00000000000139a5      0x38b ./Core/Src/main.o
 .debug_macro   0x0000000000013d30      0x176 ./Core/Src/main.o
 .debug_macro   0x0000000000013ea6       0xf9 ./Core/Src/main.o
 .debug_macro   0x0000000000013f9f      0x132 ./Core/Src/main.o
 .debug_macro   0x00000000000140d1      0x264 ./Core/Src/main.o
 .debug_macro   0x0000000000014335       0x2e ./Core/Src/main.o
 .debug_macro   0x0000000000014363      0x11a ./Core/Src/main.o
 .debug_macro   0x000000000001447d       0x85 ./Core/Src/main.o
 .debug_macro   0x0000000000014502       0x89 ./Core/Src/main.o
 .debug_macro   0x000000000001458b      0x8e6 ./Core/Src/main.o
 .debug_macro   0x0000000000014e71       0x47 ./Core/Src/main.o
 .debug_macro   0x0000000000014eb8      0x295 ./Core/Src/main.o
 .debug_macro   0x000000000001514d      0x126 ./Core/Src/main.o
 .debug_macro   0x0000000000015273       0x58 ./Core/Src/main.o
 .debug_macro   0x00000000000152cb       0x52 ./Core/Src/main.o
 .debug_macro   0x000000000001531d       0x1e ./Core/Src/main.o
 .debug_macro   0x000000000001533b       0x3c ./Core/Src/main.o
 .debug_macro   0x0000000000015377       0x34 ./Core/Src/main.o
 .debug_macro   0x00000000000153ab       0x16 ./Core/Src/main.o
 .debug_macro   0x00000000000153c1       0x43 ./Core/Src/main.o
 .debug_macro   0x0000000000015404       0x34 ./Core/Src/main.o
 .debug_macro   0x0000000000015438       0x10 ./Core/Src/main.o
 .debug_macro   0x0000000000015448       0x58 ./Core/Src/main.o
 .debug_macro   0x00000000000154a0       0x71 ./Core/Src/main.o
 .debug_macro   0x0000000000015511       0x1c ./Core/Src/main.o
 .debug_macro   0x000000000001552d      0x12a ./Core/Src/main.o
 .debug_macro   0x0000000000015657      0x341 ./Core/Src/main.o
 .debug_macro   0x0000000000015998       0x10 ./Core/Src/main.o
 .debug_macro   0x00000000000159a8       0x35 ./Core/Src/main.o
 .debug_macro   0x00000000000159dd       0x20 ./Core/Src/main.o
 .debug_macro   0x00000000000159fd       0x16 ./Core/Src/main.o
 .debug_macro   0x0000000000015a13       0x16 ./Core/Src/main.o
 .debug_macro   0x0000000000015a29       0x29 ./Core/Src/main.o
 .debug_macro   0x0000000000015a52      0x205 ./Core/Src/stm32f4xx_hal_msp.o
 .debug_macro   0x0000000000015c57      0x20f ./Core/Src/stm32f4xx_it.o
 .debug_macro   0x0000000000015e66      0x1f6 ./Core/Src/system_stm32f4xx.o
 .debug_macro   0x000000000001605c      0x256 ./Drivers/STM32F4xx_HAL_Driver/Src/stm32f4xx_hal.o
 .debug_macro   0x00000000000162b2      0x1f7 ./Drivers/STM32F4xx_HAL_Driver/Src/stm32f4xx_hal_adc.o
 .debug_macro   0x00000000000164a9      0x1f6 ./Drivers/STM32F4xx_HAL_Driver/Src/stm32f4xx_hal_adc_ex.o
 .debug_macro   0x000000000001669f      0x1f6 ./Drivers/STM32F4xx_HAL_Driver/Src/stm32f4xx_hal_cortex.o
 .debug_macro   0x0000000000016895      0x1fc ./Drivers/STM32F4xx_HAL_Driver/Src/stm32f4xx_hal_dma.o
 .debug_macro   0x0000000000016a91      0x1fc ./Drivers/STM32F4xx_HAL_Driver/Src/stm32f4xx_hal_gpio.o
 .debug_macro   0x0000000000016c8d      0x21a ./Drivers/STM32F4xx_HAL_Driver/Src/stm32f4xx_hal_rcc.o
 .debug_macro   0x0000000000016ea7      0x1f7 ./Drivers/STM32F4xx_HAL_Driver/Src/stm32f4xx_hal_tim.o
 .debug_macro   0x000000000001709e      0x1f6 ./Drivers/STM32F4xx_HAL_Driver/Src/stm32f4xx_hal_tim_ex.o
 .debug_macro   0x0000000000017294      0x1f7 ./Drivers/STM32F4xx_HAL_Driver/Src/stm32f4xx_hal_uart.o

.debug_line     0x0000000000000000    0x108a3
 .debug_line    0x0000000000000000     0x17f2 ./Core/Src/main.o
 .debug_line    0x00000000000017f2      0x8a8 ./Core/Src/stm32f4xx_hal_msp.o
 .debug_line    0x000000000000209a      0x845 ./Core/Src/stm32f4xx_it.o
 .debug_line    0x00000000000028df      0x78c ./Core/Src/system_stm32f4xx.o
 .debug_line    0x000000000000306b       0x88 ./Core/Startup/startup_stm32f401retx.o
 .debug_line    0x00000000000030f3      0x9f2 ./Drivers/STM32F4xx_HAL_Driver/Src/stm32f4xx_hal.o
 .debug_line    0x0000000000003ae5     0x119c ./Drivers/STM32F4xx_HAL_Driver/Src/stm32f4xx_hal_adc.o
 .debug_line    0x0000000000004c81      0xeb2 ./Drivers/STM32F4xx_HAL_Driver/Src/stm32f4xx_hal_adc_ex.o
 .debug_line    0x0000000000005b33      0xca1 ./Drivers/STM32F4xx_HAL_Driver/Src/stm32f4xx_hal_cortex.o
 .debug_line    0x00000000000067d4      0xf56 ./Drivers/STM32F4xx_HAL_Driver/Src/stm32f4xx_hal_dma.o
 .debug_line    0x000000000000772a      0xb2a ./Drivers/STM32F4xx_HAL_Driver/Src/stm32f4xx_hal_gpio.o
 .debug_line    0x0000000000008254      0xd6e ./Drivers/STM32F4xx_HAL_Driver/Src/stm32f4xx_hal_rcc.o
 .debug_line    0x0000000000008fc2     0x34c0 ./Drivers/STM32F4xx_HAL_Driver/Src/stm32f4xx_hal_tim.o
 .debug_line    0x000000000000c482     0x198a ./Drivers/STM32F4xx_HAL_Driver/Src/stm32f4xx_hal_tim_ex.o
 .debug_line    0x000000000000de0c     0x2a97 ./Drivers/STM32F4xx_HAL_Driver/Src/stm32f4xx_hal_uart.o

.debug_str      0x0000000000000000    0x9885b
 .debug_str     0x0000000000000000    0x95901 ./Core/Src/main.o
                                      0x95d36 (size before relaxing)
 .debug_str     0x0000000000095901      0x105 ./Core/Src/stm32f4xx_hal_msp.o
                                      0x92555 (size before relaxing)
 .debug_str     0x0000000000095a06      0x160 ./Core/Src/stm32f4xx_it.o
                                      0x92025 (size before relaxing)
 .debug_str     0x0000000000095b66       0xdb ./Core/Src/system_stm32f4xx.o
                                      0x916bc (size before relaxing)
 .debug_str     0x0000000000095c41       0x36 ./Core/Startup/startup_stm32f401retx.o
                                         0x6f (size before relaxing)
 .debug_str     0x0000000000095c77      0x5fa ./Drivers/STM32F4xx_HAL_Driver/Src/stm32f4xx_hal.o
                                      0x920de (size before relaxing)
 .debug_str     0x0000000000096271      0x29f ./Drivers/STM32F4xx_HAL_Driver/Src/stm32f4xx_hal_adc.o
                                      0x91c97 (size before relaxing)
 .debug_str     0x0000000000096510      0x2df ./Drivers/STM32F4xx_HAL_Driver/Src/stm32f4xx_hal_adc_ex.o
                                      0x91ceb (size before relaxing)
 .debug_str     0x00000000000967ef      0x31c ./Drivers/STM32F4xx_HAL_Driver/Src/stm32f4xx_hal_cortex.o
                                      0x91dff (size before relaxing)
 .debug_str     0x0000000000096b0b      0x2d5 ./Drivers/STM32F4xx_HAL_Driver/Src/stm32f4xx_hal_dma.o
                                      0x91ac4 (size before relaxing)
 .debug_str     0x0000000000096de0      0x10e ./Drivers/STM32F4xx_HAL_Driver/Src/stm32f4xx_hal_gpio.o
                                      0x91837 (size before relaxing)
 .debug_str     0x0000000000096eee      0x233 ./Drivers/STM32F4xx_HAL_Driver/Src/stm32f4xx_hal_rcc.o
                                      0x91af0 (size before relaxing)
 .debug_str     0x0000000000097121      0xcea ./Drivers/STM32F4xx_HAL_Driver/Src/stm32f4xx_hal_tim.o
                                      0x92a24 (size before relaxing)
 .debug_str     0x0000000000097e0b      0x493 ./Drivers/STM32F4xx_HAL_Driver/Src/stm32f4xx_hal_tim_ex.o
                                      0x92240 (size before relaxing)
 .debug_str     0x000000000009829e      0x5bd ./Drivers/STM32F4xx_HAL_Driver/Src/stm32f4xx_hal_uart.o
                                      0x9207d (size before relaxing)

.comment        0x0000000000000000       0x50
 .comment       0x0000000000000000       0x50 ./Core/Src/main.o
                                         0x51 (size before relaxing)
 .comment       0x0000000000000050       0x51 ./Core/Src/stm32f4xx_hal_msp.o
 .comment       0x0000000000000050       0x51 ./Core/Src/stm32f4xx_it.o
 .comment       0x0000000000000050       0x51 ./Core/Src/system_stm32f4xx.o
 .comment       0x0000000000000050       0x51 ./Drivers/STM32F4xx_HAL_Driver/Src/stm32f4xx_hal.o
 .comment       0x0000000000000050       0x51 ./Drivers/STM32F4xx_HAL_Driver/Src/stm32f4xx_hal_adc.o
 .comment       0x0000000000000050       0x51 ./Drivers/STM32F4xx_HAL_Driver/Src/stm32f4xx_hal_adc_ex.o
 .comment       0x0000000000000050       0x51 ./Drivers/STM32F4xx_HAL_Driver/Src/stm32f4xx_hal_cortex.o
 .comment       0x0000000000000050       0x51 ./Drivers/STM32F4xx_HAL_Driver/Src/stm32f4xx_hal_dma.o
 .comment       0x0000000000000050       0x51 ./Drivers/STM32F4xx_HAL_Driver/Src/stm32f4xx_hal_gpio.o
 .comment       0x0000000000000050       0x51 ./Drivers/STM32F4xx_HAL_Driver/Src/stm32f4xx_hal_rcc.o
 .comment       0x0000000000000050       0x51 ./Drivers/STM32F4xx_HAL_Driver/Src/stm32f4xx_hal_tim.o
 .comment       0x0000000000000050       0x51 ./Drivers/STM32F4xx_HAL_Driver/Src/stm32f4xx_hal_tim_ex.o
 .comment       0x0000000000000050       0x51 ./Drivers/STM32F4xx_HAL_Driver/Src/stm32f4xx_hal_uart.o

.debug_frame    0x0000000000000000     0x3bd8
 .debug_frame   0x0000000000000000      0x2e4 ./Core/Src/main.o
 .debug_frame   0x00000000000002e4      0x130 ./Core/Src/stm32f4xx_hal_msp.o
 .debug_frame   0x0000000000000414      0x190 ./Core/Src/stm32f4xx_it.o
 .debug_frame   0x00000000000005a4       0x58 ./Core/Src/system_stm32f4xx.o
 .debug_frame   0x00000000000005fc      0x374 ./Drivers/STM32F4xx_HAL_Driver/Src/stm32f4xx_hal.o
 .debug_frame   0x0000000000000970      0x3fc ./Drivers/STM32F4xx_HAL_Driver/Src/stm32f4xx_hal_adc.o
 .debug_frame   0x0000000000000d6c      0x250 ./Drivers/STM32F4xx_HAL_Driver/Src/stm32f4xx_hal_adc_ex.o
 .debug_frame   0x0000000000000fbc      0x498 ./Drivers/STM32F4xx_HAL_Driver/Src/stm32f4xx_hal_cortex.o
 .debug_frame   0x0000000000001454      0x250 ./Drivers/STM32F4xx_HAL_Driver/Src/stm32f4xx_hal_dma.o
 .debug_frame   0x00000000000016a4      0x14c ./Drivers/STM32F4xx_HAL_Driver/Src/stm32f4xx_hal_gpio.o
 .debug_frame   0x00000000000017f0      0x1f4 ./Drivers/STM32F4xx_HAL_Driver/Src/stm32f4xx_hal_rcc.o
 .debug_frame   0x00000000000019e4     0x11bc ./Drivers/STM32F4xx_HAL_Driver/Src/stm32f4xx_hal_tim.o
 .debug_frame   0x0000000000002ba0      0x638 ./Drivers/STM32F4xx_HAL_Driver/Src/stm32f4xx_hal_tim_ex.o
 .debug_frame   0x00000000000031d8      0x92c ./Drivers/STM32F4xx_HAL_Driver/Src/stm32f4xx_hal_uart.o
 .debug_frame   0x0000000000003b04       0x2c c:/st/stm32cubeide_1.12.1/stm32cubeide/plugins/com.st.stm32cube.ide.mcu.externaltools.gnu-tools-for-stm32.10.3-2021.10.win32_1.0.200.202301161003/tools/bin/../lib/gcc/arm-none-eabi/10.3.1/../../../../arm-none-eabi/lib/thumb/v7e-m+fp/hard\libc_nano.a(lib_a-init.o)
 .debug_frame   0x0000000000003b30       0x28 c:/st/stm32cubeide_1.12.1/stm32cubeide/plugins/com.st.stm32cube.ide.mcu.externaltools.gnu-tools-for-stm32.10.3-2021.10.win32_1.0.200.202301161003/tools/bin/../lib/gcc/arm-none-eabi/10.3.1/../../../../arm-none-eabi/lib/thumb/v7e-m+fp/hard\libc_nano.a(lib_a-memcpy-stub.o)
 .debug_frame   0x0000000000003b58       0x20 c:/st/stm32cubeide_1.12.1/stm32cubeide/plugins/com.st.stm32cube.ide.mcu.externaltools.gnu-tools-for-stm32.10.3-2021.10.win32_1.0.200.202301161003/tools/bin/../lib/gcc/arm-none-eabi/10.3.1/../../../../arm-none-eabi/lib/thumb/v7e-m+fp/hard\libc_nano.a(lib_a-memset.o)
 .debug_frame   0x0000000000003b78       0x2c c:/st/stm32cubeide_1.12.1/stm32cubeide/plugins/com.st.stm32cube.ide.mcu.externaltools.gnu-tools-for-stm32.10.3-2021.10.win32_1.0.200.202301161003/tools/bin/../lib/gcc/arm-none-eabi/10.3.1/thumb/v7e-m+fp/hard\libgcc.a(_aeabi_uldivmod.o)
 .debug_frame   0x0000000000003ba4       0x34 c:/st/stm32cubeide_1.12.1/stm32cubeide/plugins/com.st.stm32cube.ide.mcu.externaltools.gnu-tools-for-stm32.10.3-2021.10.win32_1.0.200.202301161003/tools/bin/../lib/gcc/arm-none-eabi/10.3.1/thumb/v7e-m+fp/hard\libgcc.a(_udivmoddi4.o)
