../Core/Src/main.c:83:6:HAL_UART_RxCpltCallback	16	static
../Core/Src/main.c:89:6:HAL_TIM_PeriodElapsedCallback	16	static
../Core/Src/main.c:94:6:uart	4	static
../Core/Src/main.c:101:6:mensaje	8	static
../Core/Src/main.c:106:6:recibirmensaje	8	static
../Core/Src/main.c:124:5:main	8	static
../Core/Src/main.c:185:6:SystemClock_Config	88	static
../Core/Src/main.c:232:13:MX_TIM4_Init	32	static
../Core/Src/main.c:277:13:MX_USART1_UART_Init	8	static
../Core/Src/main.c:310:13:MX_USART2_UART_Init	8	static
../Core/Src/main.c:343:13:MX_GPIO_Init	48	static
../Core/Src/main.c:383:6:Error_Handler	4	static,ignoring_inline_asm
