../Core/Src/main.c:188:6:HAL_UART_RxCpltCallback	16	static
../Core/Src/main.c:194:6:HAL_ADC_ConvCpltCallback	16	static
../Core/Src/main.c:202:6:HAL_TIM_PeriodElapsedCallback	16	static
../Core/Src/main.c:225:6:uart	4	static
../Core/Src/main.c:234:6:initEsp	8	static
../Core/Src/main.c:289:6:recibirmensaje	8	static
../Core/Src/main.c:732:6:udpCom	16	static
../Core/Src/main.c:800:6:DecodeComands	24	static
../Core/Src/main.c:909:6:leerADC	16	static
../Core/Src/main.c:941:6:findLine	56	static
../Core/Src/main.c:984:6:calcPID	24	static
../Core/Src/main.c:1015:6:calibrarADC	16	static
../Core/Src/main.c:1031:6:calibrarVal	16	static
../Core/Src/main.c:1043:5:main	8	static
../Core/Src/main.c:1212:6:SystemClock_Config	88	static
../Core/Src/main.c:1259:13:MX_ADC1_Init	24	static
../Core/Src/main.c:1374:13:MX_TIM3_Init	64	static
../Core/Src/main.c:1445:13:MX_TIM4_Init	32	static
../Core/Src/main.c:1490:13:MX_USART1_UART_Init	8	static
../Core/Src/main.c:1523:13:MX_USART2_UART_Init	8	static
../Core/Src/main.c:1554:13:MX_DMA_Init	16	static
../Core/Src/main.c:1572:13:MX_GPIO_Init	48	static
../Core/Src/main.c:1612:6:Error_Handler	4	static,ignoring_inline_asm
