../Core/Src/main.c:184:6:HAL_UART_RxCpltCallback	16	static
../Core/Src/main.c:190:6:HAL_TIM_PeriodElapsedCallback	16	static
../Core/Src/main.c:208:6:HAL_ADC_ConvCpltCallback	16	static
../Core/Src/main.c:216:6:uart	4	static
../Core/Src/main.c:223:6:initEsp	8	static
../Core/Src/main.c:278:6:recibirmensaje	8	static
../Core/Src/main.c:720:6:udpCom	16	static
../Core/Src/main.c:767:6:DecodeComands	24	static
../Core/Src/main.c:863:6:leerADC	16	static
../Core/Src/main.c:895:7:findLine	48	static
../Core/Src/main.c:932:6:calcPID	24	static
../Core/Src/main.c:968:5:main	8	static
../Core/Src/main.c:1121:6:SystemClock_Config	88	static
../Core/Src/main.c:1168:13:MX_ADC1_Init	24	static
../Core/Src/main.c:1283:13:MX_TIM3_Init	64	static
../Core/Src/main.c:1354:13:MX_TIM4_Init	32	static
../Core/Src/main.c:1399:13:MX_USART1_UART_Init	8	static
../Core/Src/main.c:1432:13:MX_USART2_UART_Init	8	static
../Core/Src/main.c:1463:13:MX_DMA_Init	16	static
../Core/Src/main.c:1481:13:MX_GPIO_Init	48	static
../Core/Src/main.c:1521:6:Error_Handler	4	static,ignoring_inline_asm
