../Core/Src/main.c:170:6:HAL_UART_RxCpltCallback	16	static
../Core/Src/main.c:176:6:HAL_TIM_PeriodElapsedCallback	16	static
../Core/Src/main.c:194:6:uart	4	static
../Core/Src/main.c:201:6:initEsp	8	static
../Core/Src/main.c:256:6:recibirmensaje	4	static
../Core/Src/main.c:696:6:udpCom	16	static
../Core/Src/main.c:743:6:DecodeComands	24	static
../Core/Src/main.c:845:5:main	8	static
../Core/Src/main.c:975:6:SystemClock_Config	88	static
../Core/Src/main.c:1022:13:MX_TIM3_Init	64	static
../Core/Src/main.c:1093:13:MX_TIM4_Init	32	static
../Core/Src/main.c:1138:13:MX_USART1_UART_Init	8	static
../Core/Src/main.c:1171:13:MX_USART2_UART_Init	8	static
../Core/Src/main.c:1204:13:MX_GPIO_Init	48	static
../Core/Src/main.c:1244:6:Error_Handler	4	static,ignoring_inline_asm
