../Core/Src/main.c:187:6:HAL_UART_RxCpltCallback	16	static
../Core/Src/main.c:193:6:HAL_ADC_ConvCpltCallback	16	static
../Core/Src/main.c:201:6:HAL_TIM_PeriodElapsedCallback	16	static
../Core/Src/main.c:219:6:uart	4	static
../Core/Src/main.c:226:6:initEsp	8	static
../Core/Src/main.c:281:6:recibirmensaje	8	static
../Core/Src/main.c:724:6:udpCom	16	static
../Core/Src/main.c:771:6:DecodeComands	24	static
../Core/Src/main.c:873:6:leerADC	16	static
../Core/Src/main.c:905:7:findLine	48	static
../Core/Src/main.c:942:6:calcPID	24	static
../Core/Src/main.c:973:6:calibrarADC	16	static
../Core/Src/main.c:989:6:calibrarVal	16	static
../Core/Src/main.c:1001:5:main	8	static
../Core/Src/main.c:1157:6:SystemClock_Config	88	static
../Core/Src/main.c:1204:13:MX_ADC1_Init	24	static
../Core/Src/main.c:1319:13:MX_TIM3_Init	64	static
../Core/Src/main.c:1390:13:MX_TIM4_Init	32	static
../Core/Src/main.c:1435:13:MX_USART1_UART_Init	8	static
../Core/Src/main.c:1468:13:MX_USART2_UART_Init	8	static
../Core/Src/main.c:1499:13:MX_DMA_Init	16	static
../Core/Src/main.c:1517:13:MX_GPIO_Init	48	static
../Core/Src/main.c:1557:6:Error_Handler	4	static,ignoring_inline_asm
